Component: ARM Compiler 5.06 update 7 (build 960) Tool: armlink [4d3601]

==============================================================================

Section Cross References

    system_stm32f10x.o(i.SetSysClock) refers to system_stm32f10x.o(i.SetSysClockTo72) for SetSysClockTo72
    system_stm32f10x.o(i.SystemCoreClockUpdate) refers to system_stm32f10x.o(.data) for SystemCoreClock
    system_stm32f10x.o(i.SystemInit) refers to system_stm32f10x.o(i.SetSysClock) for SetSysClock
    startup_stm32f10x_md.o(RESET) refers to startup_stm32f10x_md.o(STACK) for __initial_sp
    startup_stm32f10x_md.o(RESET) refers to startup_stm32f10x_md.o(.text) for Reset_Handler
    startup_stm32f10x_md.o(RESET) refers to delay.o(i.SysTick_Handler) for SysTick_Handler
    startup_stm32f10x_md.o(RESET) refers to usart.o(i.USART1_IRQHandler) for USART1_IRQHandler
    startup_stm32f10x_md.o(.text) refers to system_stm32f10x.o(i.SystemInit) for SystemInit
    startup_stm32f10x_md.o(.text) refers to entry.o(.ARM.Collect$$$$00000000) for __main
    stm32f10x_adc.o(i.ADC_DeInit) refers to stm32f10x_rcc.o(i.RCC_APB2PeriphResetCmd) for RCC_APB2PeriphResetCmd
    stm32f10x_bkp.o(i.BKP_DeInit) refers to stm32f10x_rcc.o(i.RCC_BackupResetCmd) for RCC_BackupResetCmd
    stm32f10x_can.o(i.CAN_DeInit) refers to stm32f10x_rcc.o(i.RCC_APB1PeriphResetCmd) for RCC_APB1PeriphResetCmd
    stm32f10x_can.o(i.CAN_GetITStatus) refers to stm32f10x_can.o(i.CheckITStatus) for CheckITStatus
    stm32f10x_cec.o(i.CEC_DeInit) refers to stm32f10x_rcc.o(i.RCC_APB1PeriphResetCmd) for RCC_APB1PeriphResetCmd
    stm32f10x_dac.o(i.DAC_DeInit) refers to stm32f10x_rcc.o(i.RCC_APB1PeriphResetCmd) for RCC_APB1PeriphResetCmd
    stm32f10x_flash.o(i.FLASH_EnableWriteProtection) refers to stm32f10x_flash.o(i.FLASH_WaitForLastOperation) for FLASH_WaitForLastOperation
    stm32f10x_flash.o(i.FLASH_EraseAllBank1Pages) refers to stm32f10x_flash.o(i.FLASH_WaitForLastBank1Operation) for FLASH_WaitForLastBank1Operation
    stm32f10x_flash.o(i.FLASH_EraseAllPages) refers to stm32f10x_flash.o(i.FLASH_WaitForLastOperation) for FLASH_WaitForLastOperation
    stm32f10x_flash.o(i.FLASH_EraseOptionBytes) refers to stm32f10x_flash.o(i.FLASH_GetReadOutProtectionStatus) for FLASH_GetReadOutProtectionStatus
    stm32f10x_flash.o(i.FLASH_EraseOptionBytes) refers to stm32f10x_flash.o(i.FLASH_WaitForLastOperation) for FLASH_WaitForLastOperation
    stm32f10x_flash.o(i.FLASH_ErasePage) refers to stm32f10x_flash.o(i.FLASH_WaitForLastOperation) for FLASH_WaitForLastOperation
    stm32f10x_flash.o(i.FLASH_ProgramHalfWord) refers to stm32f10x_flash.o(i.FLASH_WaitForLastOperation) for FLASH_WaitForLastOperation
    stm32f10x_flash.o(i.FLASH_ProgramOptionByteData) refers to stm32f10x_flash.o(i.FLASH_WaitForLastOperation) for FLASH_WaitForLastOperation
    stm32f10x_flash.o(i.FLASH_ProgramWord) refers to stm32f10x_flash.o(i.FLASH_WaitForLastOperation) for FLASH_WaitForLastOperation
    stm32f10x_flash.o(i.FLASH_ReadOutProtection) refers to stm32f10x_flash.o(i.FLASH_WaitForLastOperation) for FLASH_WaitForLastOperation
    stm32f10x_flash.o(i.FLASH_UserOptionByteConfig) refers to stm32f10x_flash.o(i.FLASH_WaitForLastOperation) for FLASH_WaitForLastOperation
    stm32f10x_flash.o(i.FLASH_WaitForLastBank1Operation) refers to stm32f10x_flash.o(i.FLASH_GetBank1Status) for FLASH_GetBank1Status
    stm32f10x_flash.o(i.FLASH_WaitForLastOperation) refers to stm32f10x_flash.o(i.FLASH_GetBank1Status) for FLASH_GetBank1Status
    stm32f10x_gpio.o(i.GPIO_AFIODeInit) refers to stm32f10x_rcc.o(i.RCC_APB2PeriphResetCmd) for RCC_APB2PeriphResetCmd
    stm32f10x_gpio.o(i.GPIO_DeInit) refers to stm32f10x_rcc.o(i.RCC_APB2PeriphResetCmd) for RCC_APB2PeriphResetCmd
    stm32f10x_i2c.o(i.I2C_DeInit) refers to stm32f10x_rcc.o(i.RCC_APB1PeriphResetCmd) for RCC_APB1PeriphResetCmd
    stm32f10x_i2c.o(i.I2C_Init) refers to stm32f10x_rcc.o(i.RCC_GetClocksFreq) for RCC_GetClocksFreq
    stm32f10x_pwr.o(i.PWR_DeInit) refers to stm32f10x_rcc.o(i.RCC_APB1PeriphResetCmd) for RCC_APB1PeriphResetCmd
    stm32f10x_rcc.o(i.RCC_GetClocksFreq) refers to stm32f10x_rcc.o(.data) for APBAHBPrescTable
    stm32f10x_rcc.o(i.RCC_WaitForHSEStartUp) refers to stm32f10x_rcc.o(i.RCC_GetFlagStatus) for RCC_GetFlagStatus
    stm32f10x_rtc.o(i.RTC_SetAlarm) refers to stm32f10x_rtc.o(i.RTC_EnterConfigMode) for RTC_EnterConfigMode
    stm32f10x_rtc.o(i.RTC_SetAlarm) refers to stm32f10x_rtc.o(i.RTC_ExitConfigMode) for RTC_ExitConfigMode
    stm32f10x_rtc.o(i.RTC_SetCounter) refers to stm32f10x_rtc.o(i.RTC_EnterConfigMode) for RTC_EnterConfigMode
    stm32f10x_rtc.o(i.RTC_SetCounter) refers to stm32f10x_rtc.o(i.RTC_ExitConfigMode) for RTC_ExitConfigMode
    stm32f10x_rtc.o(i.RTC_SetPrescaler) refers to stm32f10x_rtc.o(i.RTC_EnterConfigMode) for RTC_EnterConfigMode
    stm32f10x_rtc.o(i.RTC_SetPrescaler) refers to stm32f10x_rtc.o(i.RTC_ExitConfigMode) for RTC_ExitConfigMode
[...]
    Removing stm32f10x_wwdg.o(i.WWDG_SetCounter), (16 bytes).
    Removing stm32f10x_wwdg.o(i.WWDG_SetPrescaler), (24 bytes).
    Removing stm32f10x_wwdg.o(i.WWDG_SetWindowValue), (40 bytes).
    Removing delay.o(i.delay_us), (38 bytes).
    Removing usart.o(i._sys_exit), (6 bytes).
    Removing spi2.o(i.SPI2_Init_), (176 bytes).
    Removing spi2.o(i.SPIx_ReadWriteByte), (84 bytes).
    Removing magneticsensorspi.o(i.ReadAS5047P), (136 bytes).
    Removing magneticsensorspi.o(i.ReadMA730), (72 bytes).
    Removing magneticsensorspi.o(i.ReadTLE5012B), (148 bytes).
    Removing magneticsensorspi.o(i.delay_s), (12 bytes).
    Removing main.o(i.timecount), (48 bytes).

441 unused section(s) (total 19794 bytes) removed from the image.

==============================================================================

Image Symbol Table

    Local Symbols

    Symbol Name                              Value     Ov Type        Size  Object(Section)

    ../clib/microlib/ctype/ctype.c           0x00000000   Number         0  ctype_c.o ABSOLUTE
    ../clib/microlib/ctype/ctype.c           0x00000000   Number         0  isspace_c.o ABSOLUTE
    ../clib/microlib/division.c              0x00000000   Number         0  uidiv.o ABSOLUTE
    ../clib/microlib/division.c              0x00000000   Number         0  uldiv.o ABSOLUTE
    ../clib/microlib/errno.c                 0x00000000   Number         0  errno.o ABSOLUTE
    ../clib/microlib/init/entry.s            0x00000000   Number         0  entry7b.o ABSOLUTE
    ../clib/microlib/init/entry.s            0x00000000   Number         0  entry9a.o ABSOLUTE
    ../clib/microlib/init/entry.s            0x00000000   Number         0  entry.o ABSOLUTE
    ../clib/microlib/init/entry.s            0x00000000   Number         0  entry8b.o ABSOLUTE
    ../clib/microlib/init/entry.s            0x00000000   Number         0  entry7a.o ABSOLUTE
    ../clib/microlib/init/entry.s            0x00000000   Number         0  entry9b.o ABSOLUTE
    ../clib/microlib/init/entry.s            0x00000000   Number         0  entry8a.o ABSOLUTE
    ../clib/microlib/init/entry.s            0x00000000   Number         0  entry10a.o ABSOLUTE
    ../clib/microlib/init/entry.s            0x00000000   Number         0  entry10b.o ABSOLUTE
    ../clib/microlib/init/entry.s            0x00000000   Number         0  entry11b.o ABSOLUTE
    ../clib/microlib/init/entry.s            0x00000000   Number         0  entry11a.o ABSOLUTE
    ../clib/microlib/init/entry.s            0x00000000   Number         0  entry12b.o ABSOLUTE
    ../clib/microlib/init/entry.s            0x00000000   Number         0  entry2.o ABSOLUTE
    ../clib/microlib/init/entry.s            0x00000000   Number         0  entry12a.o ABSOLUTE
    ../clib/microlib/init/entry.s            0x00000000   Number         0  entry5.o ABSOLUTE
    ../clib/microlib/longlong.c              0x00000000   Number         0  llsshr.o ABSOLUTE
    ../clib/microlib/longlong.c              0x00000000   Number         0  llushr.o ABSOLUTE
    ../clib/microlib/longlong.c              0x00000000   Number         0  llshl.o ABSOLUTE
    ../clib/microlib/printf/printf.c         0x00000000   Number         0  printf2.o ABSOLUTE
    ../clib/microlib/printf/printf.c         0x00000000   Number         0  printfb.o ABSOLUTE
    ../clib/microlib/printf/printf.c         0x00000000   Number         0  printf1.o ABSOLUTE
    ../clib/microlib/printf/printf.c         0x00000000   Number         0  printf7.o ABSOLUTE
    ../clib/microlib/printf/printf.c         0x00000000   Number         0  printf3.o ABSOLUTE
    ../clib/microlib/printf/printf.c         0x00000000   Number         0  printf4.o ABSOLUTE
    ../clib/microlib/printf/printf.c         0x00000000   Number         0  printf5.o ABSOLUTE
    ../clib/microlib/printf/printf.c         0x00000000   Number         0  printf6.o ABSOLUTE
    ../clib/microlib/printf/printf.c         0x00000000   Number         0  printfa.o ABSOLUTE
    ../clib/microlib/printf/printf.c         0x00000000   Number         0  printf0.o ABSOLUTE
    ../clib/microlib/printf/printf.c         0x00000000   Number         0  printf8.o ABSOLUTE
    ../clib/microlib/printf/stubs.s          0x00000000   Number         0  stubs.o ABSOLUTE
    ../clib/microlib/string/strchr.c         0x00000000   Number         0  strchr.o ABSOLUTE
    ../clib/microlib/string/strcpy.c         0x00000000   Number         0  strcpy.o ABSOLUTE
    ../clib/microlib/stubs.s                 0x00000000   Number         0  iusefp.o ABSOLUTE
    ../clib/microlib/stubs.s                 0x00000000   Number         0  useno.o ABSOLUTE
    ../clib/scanf.c                          0x00000000   Number         0  strtod.o ABSOLUTE
    ../clib/scanf.c                          0x00000000   Number         0  scanf_fp.o ABSOLUTE
    ../clib/scanf.c                          0x00000000   Number         0  _sgetc.o ABSOLUTE
    ../fplib/microlib/d2f.c                  0x00000000   Number         0  d2f.o ABSOLUTE
    ../fplib/microlib/f2d.c                  0x00000000   Number         0  f2d.o ABSOLUTE
    ../fplib/microlib/fpadd.c                0x00000000   Number         0  dadd.o ABSOLUTE
    ../fplib/microlib/fpadd.c                0x00000000   Number         0  fadd.o ABSOLUTE
    ../fplib/microlib/fpdiv.c                0x00000000   Number         0  ddiv.o ABSOLUTE
    ../fplib/microlib/fpdiv.c                0x00000000   Number         0  fdiv.o ABSOLUTE
    ../fplib/microlib/fpepilogue.c           0x00000000   Number         0  depilogue.o ABSOLUTE
    ../fplib/microlib/fpepilogue.c           0x00000000   Number         0  fepilogue.o ABSOLUTE
    ../fplib/microlib/fpfix.c                0x00000000   Number         0  ffixui.o ABSOLUTE
    ../fplib/microlib/fpfix.c                0x00000000   Number         0  dfixui.o ABSOLUTE
    ../fplib/microlib/fpfix.c                0x00000000   Number         0  dfixul.o ABSOLUTE
    ../fplib/microlib/fpfix.c                0x00000000   Number         0  dfixi.o ABSOLUTE
    ../fplib/microlib/fpflt.c                0x00000000   Number         0  dfltul.o ABSOLUTE
    ../fplib/microlib/fpflt.c                0x00000000   Number         0  ffltui.o ABSOLUTE
    ../fplib/microlib/fpflt.c                0x00000000   Number         0  dflti.o ABSOLUTE
    ../fplib/microlib/fpflt.c                0x00000000   Number         0  dfltui.o ABSOLUTE
    ../fplib/microlib/fpflt.c                0x00000000   Number         0  fflti.o ABSOLUTE
    ../fplib/microlib/fpmul.c                0x00000000   Number         0  fmul.o ABSOLUTE
    ../fplib/microlib/fpmul.c                0x00000000   Number         0  dmul.o ABSOLUTE
    ../fplib/microlib/fprem.c                0x00000000   Number         0  drem.o ABSOLUTE
    ../fplib/microlib/fpscalb.c              0x00000000   Number         0  dscalb.o ABSOLUTE
    ../mathlib/atan.c                        0x00000000   Number         0  atan_x.o ABSOLUTE
    ../mathlib/atan.c                        0x00000000   Number         0  atan.o ABSOLUTE
    ../mathlib/atan2.c                       0x00000000   Number         0  atan2.o ABSOLUTE
    ../mathlib/atan2.c                       0x00000000   Number         0  atan2_x.o ABSOLUTE
    ../mathlib/atof.c                        0x00000000   Number         0  atof.o ABSOLUTE
    ../mathlib/dunder.c                      0x00000000   Number         0  dunder.o ABSOLUTE
    ../mathlib/fmod.c                        0x00000000   Number         0  fmod_x.o ABSOLUTE
    ../mathlib/fmod.c                        0x00000000   Number         0  fmod.o ABSOLUTE
    ../mathlib/fpclassify.c                  0x00000000   Number         0  fpclassify.o ABSOLUTE
    ../mathlib/poly.c                        0x00000000   Number         0  poly.o ABSOLUTE
    ../mathlib/qnan.c                        0x00000000   Number         0  qnan.o ABSOLUTE
    Hardware\adc.c                           0x00000000   Number         0  adc.o ABSOLUTE
    Hardware\delay.c                         0x00000000   Number         0  delay.o ABSOLUTE
    Hardware\iic.c                           0x00000000   Number         0  iic.o ABSOLUTE
    Hardware\spi2.c                          0x00000000   Number         0  spi2.o ABSOLUTE
    Hardware\timer.c                         0x00000000   Number         0  timer.o ABSOLUTE
    Hardware\usart.c                         0x00000000   Number         0  usart.o ABSOLUTE
    SimpleFOC\BLDCMotor.c                    0x00000000   Number         0  bldcmotor.o ABSOLUTE
    SimpleFOC\CurrentSense.c                 0x00000000   Number         0  currentsense.o ABSOLUTE
    SimpleFOC\FOCMotor.c                     0x00000000   Number         0  focmotor.o ABSOLUTE
    SimpleFOC\InlineCurrentSense.c           0x00000000   Number         0  inlinecurrentsense.o ABSOLUTE
    SimpleFOC\MagneticSensorI2C.c            0x00000000   Number         0  magneticsensori2c.o ABSOLUTE
    SimpleFOC\MagneticSensorSPI.c            0x00000000   Number         0  magneticsensorspi.o ABSOLUTE
    SimpleFOC\PID.c                          0x00000000   Number         0  pid.o ABSOLUTE
    SimpleFOC\Sensor.c                       0x00000000   Number         0  sensor.o ABSOLUTE
    SimpleFOC\foc_utils.c                    0x00000000   Number         0  foc_utils.o ABSOLUTE
    SimpleFOC\lowpass_filter.c               0x00000000   Number         0  lowpass_filter.o ABSOLUTE
    cdcmple.s                                0x00000000   Number         0  cdcmple.o ABSOLUTE
    cdrcmple.s                               0x00000000   Number         0  cdrcmple.o ABSOLUTE
    cfcmple.s                                0x00000000   Number         0  cfcmple.o ABSOLUTE
    cfrcmple.s                               0x00000000   Number         0  cfrcmple.o ABSOLUTE
    dc.s                                     0x00000000   Number         0  dc.o ABSOLUTE
    handlers.s                               0x00000000   Number         0  handlers.o ABSOLUTE
    init.s                                   0x00000000   Number         0  init.o ABSOLUTE
    lib\src\misc.c                           0x00000000   Number         0  misc.o ABSOLUTE
    lib\src\stm32f10x_adc.c                  0x00000000   Number         0  stm32f10x_adc.o ABSOLUTE
    lib\src\stm32f10x_bkp.c                  0x00000000   Number         0  stm32f10x_bkp.o ABSOLUTE
    lib\src\stm32f10x_can.c                  0x00000000   Number         0  stm32f10x_can.o ABSOLUTE
    lib\src\stm32f10x_cec.c                  0x00000000   Number         0  stm32f10x_cec.o ABSOLUTE
    lib\src\stm32f10x_crc.c                  0x00000000   Number         0  stm32f10x_crc.o ABSOLUTE
    lib\src\stm32f10x_dac.c                  0x00000000   Number         0  stm32f10x_dac.o ABSOLUTE
    lib\src\stm32f10x_dbgmcu.c               0x00000000   Number         0  stm32f10x_dbgmcu.o ABSOLUTE
    lib\src\stm32f10x_dma.c                  0x00000000   Number         0  stm32f10x_dma.o ABSOLUTE
    lib\src\stm32f10x_exti.c                 0x00000000   Number         0  stm32f10x_exti.o ABSOLUTE
    lib\src\stm32f10x_flash.c                0x00000000   Number         0  stm32f10x_flash.o ABSOLUTE
    lib\src\stm32f10x_fsmc.c                 0x00000000   Number         0  stm32f10x_fsmc.o ABSOLUTE
    lib\src\stm32f10x_gpio.c                 0x00000000   Number         0  stm32f10x_gpio.o ABSOLUTE
    lib\src\stm32f10x_i2c.c                  0x00000000   Number         0  stm32f10x_i2c.o ABSOLUTE
    lib\src\stm32f10x_iwdg.c                 0x00000000   Number         0  stm32f10x_iwdg.o ABSOLUTE
    lib\src\stm32f10x_pwr.c                  0x00000000   Number         0  stm32f10x_pwr.o ABSOLUTE
    lib\src\stm32f10x_rcc.c                  0x00000000   Number         0  stm32f10x_rcc.o ABSOLUTE
    lib\src\stm32f10x_rtc.c                  0x00000000   Number         0  stm32f10x_rtc.o ABSOLUTE
    lib\src\stm32f10x_sdio.c                 0x00000000   Number         0  stm32f10x_sdio.o ABSOLUTE
    lib\src\stm32f10x_spi.c                  0x00000000   Number         0  stm32f10x_spi.o ABSOLUTE
    lib\src\stm32f10x_tim.c                  0x00000000   Number         0  stm32f10x_tim.o ABSOLUTE
    lib\src\stm32f10x_usart.c                0x00000000   Number         0  stm32f10x_usart.o ABSOLUTE
    lib\src\stm32f10x_wwdg.c                 0x00000000   Number         0  stm32f10x_wwdg.o ABSOLUTE
    startup\\core_cm3.c                      0x00000000   Number         0  core_cm3.o ABSOLUTE
    startup\core_cm3.c                       0x00000000   Number         0  core_cm3.o ABSOLUTE
    startup\startup_stm32f10x_md.s           0x00000000   Number         0  startup_stm32f10x_md.o ABSOLUTE
    startup\system_stm32f10x.c               0x00000000   Number         0  system_stm32f10x.o ABSOLUTE
    user\main.c                              0x00000000   Number         0  main.o ABSOLUTE
    RESET                                    0x08000000   Section      236  startup_stm32f10x_md.o(RESET)
    .ARM.Collect$$$$00000000                 0x080000ec   Section        0  entry.o(.ARM.Collect$$$$00000000)
    .ARM.Collect$$$$00000001                 0x080000ec   Section        4  entry2.o(.ARM.Collect$$$$00000001)
    .ARM.Collect$$$$00000004                 0x080000f0   Section        4  entry5.o(.ARM.Collect$$$$00000004)
    .ARM.Collect$$$$00000008                 0x080000f4   Section        0  entry7b.o(.ARM.Collect$$$$00000008)
    .ARM.Collect$$$$0000000A                 0x080000f4   Section        0  entry8b.o(.ARM.Collect$$$$0000000A)
    .ARM.Collect$$$$0000000B                 0x080000f4   Section        8  entry9a.o(.ARM.Collect$$$$0000000B)
    .ARM.Collect$$$$0000000E                 0x080000fc   Section        4  entry12b.o(.ARM.Collect$$$$0000000E)
    .ARM.Collect$$$$0000000F                 0x08000100   Section        0  entry10a.o(.ARM.Collect$$$$0000000F)
    .ARM.Collect$$$$00000011                 0x08000100   Section        0  entry11a.o(.ARM.Collect$$$$00000011)
    .ARM.Collect$$$$00002712                 0x08000100   Section        4  entry2.o(.ARM.Collect$$$$00002712)
    __lit__00000000                          0x08000100   Data           4  entry2.o(.ARM.Collect$$$$00002712)
    .text                                    0x08000104   Section       36  startup_stm32f10x_md.o(.text)
    .text                                    0x08000128   Section        0  strchr.o(.text)
    .text                                    0x0800013c   Section        0  strcpy.o(.text)
    .text                                    0x0800014e   Section        0  fadd.o(.text)
    .text                                    0x080001fe   Section        0  fmul.o(.text)
    .text                                    0x08000262   Section        0  fdiv.o(.text)
    .text                                    0x080002de   Section        0  dadd.o(.text)
    .text                                    0x0800042c   Section        0  dmul.o(.text)
    .text                                    0x08000510   Section        0  ddiv.o(.text)
    .text                                    0x080005ee   Section        0  fflti.o(.text)
    .text                                    0x08000600   Section        0  ffltui.o(.text)
    .text                                    0x0800060a   Section        0  dflti.o(.text)
    .text                                    0x0800062c   Section        0  dfltui.o(.text)
    .text                                    0x08000646   Section        0  ffixui.o(.text)
    .text                                    0x0800066e   Section        0  dfixi.o(.text)
    .text                                    0x080006ac   Section        0  dfixui.o(.text)
    .text                                    0x080006de   Section        0  f2d.o(.text)
    .text                                    0x08000704   Section       48  cdcmple.o(.text)
    .text                                    0x08000734   Section       48  cdrcmple.o(.text)
    .text                                    0x08000764   Section        0  d2f.o(.text)
    .text                                    0x0800079c   Section       20  cfcmple.o(.text)
    .text                                    0x080007b0   Section       20  cfrcmple.o(.text)
    .text                                    0x080007c4   Section        0  uidiv.o(.text)
    .text                                    0x080007f0   Section        0  uldiv.o(.text)
    .text                                    0x08000852   Section        0  llshl.o(.text)
    .text                                    0x08000870   Section        0  llushr.o(.text)
    .text                                    0x08000890   Section        0  llsshr.o(.text)
    .text                                    0x080008b4   Section        0  strtod.o(.text)
    _local_sscanf                            0x080008b5   Thumb Code    54  strtod.o(.text)
    .text                                    0x08000950   Section        0  iusefp.o(.text)
    .text                                    0x08000950   Section        0  fepilogue.o(.text)
    .text                                    0x080009be   Section        0  depilogue.o(.text)
    .text                                    0x08000a78   Section        0  drem.o(.text)
    .text                                    0x08000afe   Section        0  dfixul.o(.text)
    .text                                    0x08000b30   Section       36  init.o(.text)
    .text                                    0x08000b54   Section        0  isspace_c.o(.text)
    .text                                    0x08000b60   Section        0  scanf_fp.o(.text)
    _fp_value                                0x08000b61   Thumb Code   296  scanf_fp.o(.text)
    .text                                    0x08000ec0   Section        0  _sgetc.o(.text)
    .text                                    0x08000f00   Section        0  dscalb.o(.text)
    .text                                    0x08000f30   Section        0  ctype_c.o(.text)
    .text                                    0x08000f58   Section        0  dfltul.o(.text)
    i.ADC_Cmd                                0x08000f70   Section        0  stm32f10x_adc.o(i.ADC_Cmd)
    i.ADC_DeInit                             0x08000f88   Section        0  stm32f10x_adc.o(i.ADC_DeInit)
    i.ADC_GetCalibrationStatus               0x08000fe4   Section        0  stm32f10x_adc.o(i.ADC_GetCalibrationStatus)
    i.ADC_GetConversionValue                 0x08000ff8   Section        0  stm32f10x_adc.o(i.ADC_GetConversionValue)
    i.ADC_GetFlagStatus                      0x08001000   Section        0  stm32f10x_adc.o(i.ADC_GetFlagStatus)
    i.ADC_GetResetCalibrationStatus          0x08001012   Section        0  stm32f10x_adc.o(i.ADC_GetResetCalibrationStatus)
    i.ADC_Init                               0x08001028   Section        0  stm32f10x_adc.o(i.ADC_Init)
    i.ADC_RegularChannelConfig               0x08001078   Section        0  stm32f10x_adc.o(i.ADC_RegularChannelConfig)
    i.ADC_ResetCalibration                   0x08001130   Section        0  stm32f10x_adc.o(i.ADC_ResetCalibration)
    i.ADC_SoftwareStartConvCmd               0x0800113a   Section        0  stm32f10x_adc.o(i.ADC_SoftwareStartConvCmd)
    i.ADC_StartCalibration                   0x08001150   Section        0  stm32f10x_adc.o(i.ADC_StartCalibration)
    i.Current_calibrateOffsets               0x0800115c   Section        0  inlinecurrentsense.o(i.Current_calibrateOffsets)
    i.GPIO_Config                            0x0800127c   Section        0  main.o(i.GPIO_Config)
    i.GPIO_Init                              0x080012e8   Section        0  stm32f10x_gpio.o(i.GPIO_Init)
    i.GPIO_PinRemapConfig                    0x08001400   Section        0  stm32f10x_gpio.o(i.GPIO_PinRemapConfig)
    i.GPIO_ResetBits                         0x08001490   Section        0  stm32f10x_gpio.o(i.GPIO_ResetBits)
    i.GPIO_SetBits                           0x08001494   Section        0  stm32f10x_gpio.o(i.GPIO_SetBits)
    i.I2C1_Init_                             0x08001498   Section        0  iic.o(i.I2C1_Init_)
    i.I2C2_Init_                             0x0800151c   Section        0  iic.o(i.I2C2_Init_)
    i.I2C_Cmd                                0x080015a0   Section        0  stm32f10x_i2c.o(i.I2C_Cmd)
    i.I2C_DeInit                             0x080015b8   Section        0  stm32f10x_i2c.o(i.I2C_DeInit)
    i.I2C_GenerateSTOP                       0x080015f0   Section        0  stm32f10x_i2c.o(i.I2C_GenerateSTOP)
    i.I2C_Init                               0x08001608   Section        0  stm32f10x_i2c.o(i.I2C_Init)
    i.I2C_getRawCount                        0x080016f4   Section        0  magneticsensori2c.o(i.I2C_getRawCount)
    i.I2CandSPI_Init                         0x080017f4   Section        0  sensor.o(i.I2CandSPI_Init)
    i.InlineCurrentSense                     0x0800187c   Section        0  inlinecurrentsense.o(i.InlineCurrentSense)
    i.InlineCurrentSense_Init                0x08001948   Section        0  inlinecurrentsense.o(i.InlineCurrentSense_Init)
    i.LPF_init                               0x08001964   Section        0  lowpass_filter.o(i.LPF_init)
    i.LPFoperator                            0x08001998   Section        0  lowpass_filter.o(i.LPFoperator)
    i.MagneticSensor_Init                    0x08001a2c   Section        0  sensor.o(i.MagneticSensor_Init)
    i.Motor_init                             0x08001a5c   Section        0  bldcmotor.o(i.Motor_init)
    i.Motor_initFOC                          0x08001ae8   Section        0  bldcmotor.o(i.Motor_initFOC)
    i.NVIC_Init                              0x08001b48   Section        0  misc.o(i.NVIC_Init)
    i.PID_init                               0x08001bb8   Section        0  pid.o(i.PID_init)
    i.PIDoperator                            0x08001c64   Section        0  pid.o(i.PIDoperator)
    i.RCC_ADCCLKConfig                       0x08001ddc   Section        0  stm32f10x_rcc.o(i.RCC_ADCCLKConfig)
    i.RCC_APB1PeriphClockCmd                 0x08001df4   Section        0  stm32f10x_rcc.o(i.RCC_APB1PeriphClockCmd)
    i.RCC_APB1PeriphResetCmd                 0x08001e14   Section        0  stm32f10x_rcc.o(i.RCC_APB1PeriphResetCmd)
    i.RCC_APB2PeriphClockCmd                 0x08001e34   Section        0  stm32f10x_rcc.o(i.RCC_APB2PeriphClockCmd)
    i.RCC_APB2PeriphResetCmd                 0x08001e54   Section        0  stm32f10x_rcc.o(i.RCC_APB2PeriphResetCmd)
    i.RCC_GetClocksFreq                      0x08001e74   Section        0  stm32f10x_rcc.o(i.RCC_GetClocksFreq)
    i.SetSysClock                            0x08001f48   Section        0  system_stm32f10x.o(i.SetSysClock)
    SetSysClock                              0x08001f49   Thumb Code     8  system_stm32f10x.o(i.SetSysClock)
    i.SetSysClockTo72                        0x08001f50   Section        0  system_stm32f10x.o(i.SetSysClockTo72)
    SetSysClockTo72                          0x08001f51   Thumb Code   214  system_stm32f10x.o(i.SetSysClockTo72)
    i.SysTick_Handler                        0x08002030   Section        0  delay.o(i.SysTick_Handler)
    i.SystemInit                             0x08002040   Section        0  system_stm32f10x.o(i.SystemInit)
    i.TIM2_PWM_Init                          0x080020a0   Section        0  timer.o(i.TIM2_PWM_Init)
    i.TIM3_PWM_Init                          0x08002160   Section        0  timer.o(i.TIM3_PWM_Init)
    i.TIM_ARRPreloadConfig                   0x08002238   Section        0  stm32f10x_tim.o(i.TIM_ARRPreloadConfig)
    i.TIM_Cmd                                0x08002250   Section        0  stm32f10x_tim.o(i.TIM_Cmd)
    i.TIM_DeInit                             0x08002268   Section        0  stm32f10x_tim.o(i.TIM_DeInit)
    i.TIM_OC1Init                            0x08002450   Section        0  stm32f10x_tim.o(i.TIM_OC1Init)
    i.TIM_OC1PreloadConfig                   0x080024e8   Section        0  stm32f10x_tim.o(i.TIM_OC1PreloadConfig)
    i.TIM_OC2Init                            0x080024fc   Section        0  stm32f10x_tim.o(i.TIM_OC2Init)
    i.TIM_OC2PreloadConfig                   0x080025a0   Section        0  stm32f10x_tim.o(i.TIM_OC2PreloadConfig)
    i.TIM_OC3Init                            0x080025bc   Section        0  stm32f10x_tim.o(i.TIM_OC3Init)
    i.TIM_OC3PreloadConfig                   0x0800265c   Section        0  stm32f10x_tim.o(i.TIM_OC3PreloadConfig)
    i.TIM_SetCompare1                        0x0800266e   Section        0  stm32f10x_tim.o(i.TIM_SetCompare1)
    i.TIM_SetCompare2                        0x08002672   Section        0  stm32f10x_tim.o(i.TIM_SetCompare2)
    i.TIM_SetCompare3                        0x08002676   Section        0  stm32f10x_tim.o(i.TIM_SetCompare3)
    i.TIM_TimeBaseInit                       0x0800267c   Section        0  stm32f10x_tim.o(i.TIM_TimeBaseInit)
    i.USART1_IRQHandler                      0x08002720   Section        0  usart.o(i.USART1_IRQHandler)
    i.USART_Cmd                              0x080027b4   Section        0  stm32f10x_usart.o(i.USART_Cmd)
    i.USART_GetITStatus                      0x080027cc   Section        0  stm32f10x_usart.o(i.USART_GetITStatus)
    i.USART_ITConfig                         0x08002820   Section        0  stm32f10x_usart.o(i.USART_ITConfig)
    i.USART_Init                             0x0800286c   Section        0  stm32f10x_usart.o(i.USART_Init)
    i.USART_ReceiveData                      0x08002944   Section        0  stm32f10x_usart.o(i.USART_ReceiveData)
    i.__0printf                              0x08002950   Section        0  printfa.o(i.__0printf)
    i.__ARM_fpclassify                       0x08002970   Section        0  fpclassify.o(i.__ARM_fpclassify)
    i.__kernel_poly                          0x08002998   Section        0  poly.o(i.__kernel_poly)
    i.__mathlib_dbl_infnan                   0x08002a42   Section        0  dunder.o(i.__mathlib_dbl_infnan)
    i.__mathlib_dbl_infnan2                  0x08002a48   Section        0  dunder.o(i.__mathlib_dbl_infnan2)
    i.__mathlib_dbl_invalid                  0x08002a4c   Section        0  dunder.o(i.__mathlib_dbl_invalid)
    i.__mathlib_dbl_underflow                0x08002a58   Section        0  dunder.o(i.__mathlib_dbl_underflow)
    i.__read_errno                           0x08002a68   Section        0  errno.o(i.__read_errno)
    i.__scatterload_copy                     0x08002a74   Section       14  handlers.o(i.__scatterload_copy)
    i.__scatterload_null                     0x08002a82   Section        2  handlers.o(i.__scatterload_null)
    i.__scatterload_zeroinit                 0x08002a84   Section       14  handlers.o(i.__scatterload_zeroinit)
    i.__set_errno                            0x08002a94   Section        0  errno.o(i.__set_errno)
    i._cos                                   0x08002aa0   Section        0  foc_utils.o(i._cos)
    i._electricalAngle                       0x08002b0c   Section        0  foc_utils.o(i._electricalAngle)
    i._fp_digits                             0x08002b24   Section        0  printfa.o(i._fp_digits)
    _fp_digits                               0x08002b25   Thumb Code   366  printfa.o(i._fp_digits)
    i._is_digit                              0x08002ca8   Section        0  scanf_fp.o(i._is_digit)
    i._micros                                0x08002cb8   Section        0  delay.o(i._micros)
    i._normalizeAngle                        0x08002cec   Section        0  foc_utils.o(i._normalizeAngle)
    i._printf_core                           0x08002d40   Section        0  printfa.o(i._printf_core)
    _printf_core                             0x08002d41   Thumb Code  1704  printfa.o(i._printf_core)
    i._printf_post_padding                   0x080033f4   Section        0  printfa.o(i._printf_post_padding)
    _printf_post_padding                     0x080033f5   Thumb Code    36  printfa.o(i._printf_post_padding)
    i._printf_pre_padding                    0x08003418   Section        0  printfa.o(i._printf_pre_padding)
    _printf_pre_padding                      0x08003419   Thumb Code    46  printfa.o(i._printf_pre_padding)
    i._readADCVoltageInline                  0x08003448   Section        0  adc.o(i._readADCVoltageInline)
    i._sin                                   0x0800348c   Section        0  foc_utils.o(i._sin)
    i._sqrtApprox                            0x08003724   Section        0  foc_utils.o(i._sqrtApprox)
    i.alignSensor                            0x08003744   Section        0  bldcmotor.o(i.alignSensor)
    i.analogRead                             0x08003b2c   Section        0  adc.o(i.analogRead)
    i.angleOpenloop                          0x08003b60   Section        0  bldcmotor.o(i.angleOpenloop)
    i.atan                                   0x08003c70   Section        0  atan.o(i.atan)
    i.atan2                                  0x08003e90   Section        0  atan2.o(i.atan2)
    i.atof                                   0x0800402c   Section        0  atof.o(i.atof)
    i.commander_run                          0x08004058   Section        0  main.o(i.commander_run)
    i.configureADCInline                     0x080041d4   Section        0  adc.o(i.configureADCInline)
    i.delay_ms                               0x08004310   Section        0  delay.o(i.delay_ms)
    i.electricalAngle                        0x08004340   Section        0  focmotor.o(i.electricalAngle)
    i.fmod                                   0x0800436c   Section        0  fmod.o(i.fmod)
    i.fputc                                  0x08004400   Section        0  usart.o(i.fputc)
    i.getAngle                               0x0800441c   Section        0  sensor.o(i.getAngle)
    i.getDCCurrent                           0x080044fc   Section        0  currentsense.o(i.getDCCurrent)
    i.getFOCCurrents                         0x08004658   Section        0  currentsense.o(i.getFOCCurrents)
    i.getPhaseCurrents                       0x0800478c   Section        0  inlinecurrentsense.o(i.getPhaseCurrents)
    i.getRawCount                            0x080047fc   Section        0  sensor.o(i.getRawCount)
    i.getVelocity                            0x08004824   Section        0  sensor.o(i.getVelocity)
    i.loopFOC                                0x0800489c   Section        0  bldcmotor.o(i.loopFOC)
    i.main                                   0x080049d0   Section        0  main.o(i.main)
    i.move                                   0x08004bc8   Section        0  bldcmotor.o(i.move)
    i.setPhaseVoltage                        0x08004cc0   Section        0  bldcmotor.o(i.setPhaseVoltage)
    i.shaftAngle                             0x08005198   Section        0  focmotor.o(i.shaftAngle)
    i.shaftVelocity                          0x080051cc   Section        0  focmotor.o(i.shaftVelocity)
    i.systick_CountInit                      0x080051fc   Section        0  delay.o(i.systick_CountInit)
    i.uart_init                              0x08005214   Section        0  usart.o(i.uart_init)
    i.velocityOpenloop                       0x080052b4   Section        0  bldcmotor.o(i.velocityOpenloop)
    .constdata                               0x08005348   Section      800  foc_utils.o(.constdata)
    .constdata                               0x08005668   Section      152  atan.o(.constdata)
    atanhi                                   0x08005668   Data          32  atan.o(.constdata)
    atanlo                                   0x08005688   Data          32  atan.o(.constdata)
    aTodd                                    0x080056a8   Data          40  atan.o(.constdata)
    aTeven                                   0x080056d0   Data          48  atan.o(.constdata)
    .constdata                               0x08005700   Section        8  qnan.o(.constdata)
    .constdata                               0x08005708   Section       64  ctype_c.o(.constdata)
    .data                                    0x20000000   Section       20  stm32f10x_rcc.o(.data)
    APBAHBPrescTable                         0x20000000   Data          16  stm32f10x_rcc.o(.data)
    ADCPrescTable                            0x20000010   Data           4  stm32f10x_rcc.o(.data)
    .data                                    0x20000014   Section        4  delay.o(.data)
    .data                                    0x20000018   Section        6  usart.o(.data)
    .data                                    0x2000001e   Section       18  sensor.o(.data)
    .data                                    0x20000030   Section        4  focmotor.o(.data)
    .data                                    0x20000034   Section       20  bldcmotor.o(.data)
    .data                                    0x20000048   Section       16  main.o(.data)
    .data                                    0x20000058   Section        4  errno.o(.data)
    _errno                                   0x20000058   Data           4  errno.o(.data)
    .bss                                     0x2000005c   Section      256  usart.o(.bss)
    .bss                                     0x2000015c   Section      608  main.o(.bss)
    STACK                                    0x200003c0   Section     1024  startup_stm32f10x_md.o(STACK)

    Global Symbols

    Symbol Name                              Value     Ov Type        Size  Object(Section)

    BuildAttributes$$THM_ISAv4$P$D$K$B$S$PE$A:L22UL41UL21$X:L11$S22US41US21$IEEE1$IW$USESV6$~STKCKD$USESV7$~SHL$OTIME$ROPI$IEEEX$EBA8$MICROLIB$REQ8$PRES8$EABIv2 0x00000000   Number         0  anon$$obj.o ABSOLUTE
    __ARM_use_no_argv                        0x00000000   Number         0  main.o ABSOLUTE
    __use_no_errno                           0x00000000   Number         0  useno.o ABSOLUTE
    __use_no_exception_handling              0x00000000   Number         0  useno.o ABSOLUTE
    __use_no_fp                              0x00000000   Number         0  useno.o ABSOLUTE
    __use_no_heap                            0x00000000   Number         0  useno.o ABSOLUTE
    __use_no_heap_region                     0x00000000   Number         0  useno.o ABSOLUTE
    __use_no_semihosting                     0x00000000   Number         0  useno.o ABSOLUTE
    __use_no_semihosting_swi                 0x00000000   Number         0  useno.o ABSOLUTE
    __use_no_signal_handling                 0x00000000   Number         0  useno.o ABSOLUTE
    _printf_a                                0x00000000   Number         0  stubs.o ABSOLUTE
    _printf_c                                0x00000000   Number         0  stubs.o ABSOLUTE
    _printf_charcount                        0x00000000   Number         0  stubs.o ABSOLUTE
    _printf_d                                0x00000000   Number         0  stubs.o ABSOLUTE
    _printf_e                                0x00000000   Number         0  stubs.o ABSOLUTE
    _printf_f                                0x00000000   Number         0  stubs.o ABSOLUTE
    _printf_flags                            0x00000000   Number         0  stubs.o ABSOLUTE
    _printf_fp_dec                           0x00000000   Number         0  stubs.o ABSOLUTE
    _printf_fp_hex                           0x00000000   Number         0  stubs.o ABSOLUTE
    _printf_g                                0x00000000   Number         0  stubs.o ABSOLUTE
    _printf_i                                0x00000000   Number         0  stubs.o ABSOLUTE
    _printf_int_dec                          0x00000000   Number         0  stubs.o ABSOLUTE
    _printf_l                                0x00000000   Number         0  stubs.o ABSOLUTE
    _printf_lc                               0x00000000   Number         0  stubs.o ABSOLUTE
    _printf_ll                               0x00000000   Number         0  stubs.o ABSOLUTE
    _printf_lld                              0x00000000   Number         0  stubs.o ABSOLUTE
    _printf_lli                              0x00000000   Number         0  stubs.o ABSOLUTE
    _printf_llo                              0x00000000   Number         0  stubs.o ABSOLUTE
    _printf_llu                              0x00000000   Number         0  stubs.o ABSOLUTE
    _printf_llx                              0x00000000   Number         0  stubs.o ABSOLUTE
    _printf_longlong_dec                     0x00000000   Number         0  stubs.o ABSOLUTE
    _printf_longlong_hex                     0x00000000   Number         0  stubs.o ABSOLUTE
    _printf_longlong_oct                     0x00000000   Number         0  stubs.o ABSOLUTE
    _printf_ls                               0x00000000   Number         0  stubs.o ABSOLUTE
    _printf_mbtowc                           0x00000000   Number         0  stubs.o ABSOLUTE
    _printf_n                                0x00000000   Number         0  stubs.o ABSOLUTE
    _printf_o                                0x00000000   Number         0  stubs.o ABSOLUTE
    _printf_p                                0x00000000   Number         0  stubs.o ABSOLUTE
    _printf_percent                          0x00000000   Number         0  stubs.o ABSOLUTE
    _printf_pre_padding                      0x00000000   Number         0  stubs.o ABSOLUTE
    _printf_return_value                     0x00000000   Number         0  stubs.o ABSOLUTE
    _printf_s                                0x00000000   Number         0  stubs.o ABSOLUTE
    _printf_sizespec                         0x00000000   Number         0  stubs.o ABSOLUTE
    _printf_str                              0x00000000   Number         0  stubs.o ABSOLUTE
    _printf_truncate_signed                  0x00000000   Number         0  stubs.o ABSOLUTE
    _printf_truncate_unsigned                0x00000000   Number         0  stubs.o ABSOLUTE
    _printf_u                                0x00000000   Number         0  stubs.o ABSOLUTE
    _printf_wc                               0x00000000   Number         0  stubs.o ABSOLUTE
    _printf_wctomb                           0x00000000   Number         0  stubs.o ABSOLUTE
    _printf_widthprec                        0x00000000   Number         0  stubs.o ABSOLUTE
    _printf_x                                0x00000000   Number         0  stubs.o ABSOLUTE
    __arm_fini_                               - Undefined Weak Reference
    __cpp_initialize__aeabi_                  - Undefined Weak Reference
    __cxa_finalize                            - Undefined Weak Reference
    __decompress                              - Undefined Weak Reference
    _clock_init                               - Undefined Weak Reference
    _microlib_exit                            - Undefined Weak Reference
    __Vectors_Size                           0x000000ec   Number         0  startup_stm32f10x_md.o ABSOLUTE
    __Vectors                                0x08000000   Data           4  startup_stm32f10x_md.o(RESET)
    __Vectors_End                            0x080000ec   Data           0  startup_stm32f10x_md.o(RESET)
    __main                                   0x080000ed   Thumb Code     0  entry.o(.ARM.Collect$$$$00000000)
    _main_stk                                0x080000ed   Thumb Code     0  entry2.o(.ARM.Collect$$$$00000001)
    _main_scatterload                        0x080000f1   Thumb Code     0  entry5.o(.ARM.Collect$$$$00000004)
    __main_after_scatterload                 0x080000f5   Thumb Code     0  entry5.o(.ARM.Collect$$$$00000004)
    _main_clock                              0x080000f5   Thumb Code     0  entry7b.o(.ARM.Collect$$$$00000008)
    _main_cpp_init                           0x080000f5   Thumb Code     0  entry8b.o(.ARM.Collect$$$$0000000A)
    _main_init                               0x080000f5   Thumb Code     0  entry9a.o(.ARM.Collect$$$$0000000B)
    __rt_lib_shutdown_fini                   0x080000fd   Thumb Code     0  entry12b.o(.ARM.Collect$$$$0000000E)
    __rt_final_cpp                           0x08000101   Thumb Code     0  entry10a.o(.ARM.Collect$$$$0000000F)
    __rt_final_exit                          0x08000101   Thumb Code     0  entry11a.o(.ARM.Collect$$$$00000011)
    Reset_Handler                            0x08000105   Thumb Code     8  startup_stm32f10x_md.o(.text)
    NMI_Handler                              0x0800010d   Thumb Code     2  startup_stm32f10x_md.o(.text)
    HardFault_Handler                        0x0800010f   Thumb Code     2  startup_stm32f10x_md.o(.text)
    MemManage_Handler                        0x08000111   Thumb Code     2  startup_stm32f10x_md.o(.text)
    BusFault_Handler                         0x08000113   Thumb Code     2  startup_stm32f10x_md.o(.text)
    UsageFault_Handler                       0x08000115   Thumb Code     2  startup_stm32f10x_md.o(.text)
    SVC_Handler                              0x08000117   Thumb Code     2  startup_stm32f10x_md.o(.text)
    DebugMon_Handler                         0x08000119   Thumb Code     2  startup_stm32f10x_md.o(.text)
    PendSV_Handler                           0x0800011b   Thumb Code     2  startup_stm32f10x_md.o(.text)
    ADC1_2_IRQHandler                        0x0800011f   Thumb Code     0  startup_stm32f10x_md.o(.text)
    CAN1_RX1_IRQHandler                      0x0800011f   Thumb Code     0  startup_stm32f10x_md.o(.text)
    CAN1_SCE_IRQHandler                      0x0800011f   Thumb Code     0  startup_stm32f10x_md.o(.text)
    DMA1_Channel1_IRQHandler                 0x0800011f   Thumb Code     0  startup_stm32f10x_md.o(.text)
    DMA1_Channel2_IRQHandler                 0x0800011f   Thumb Code     0  startup_stm32f10x_md.o(.text)
    DMA1_Channel3_IRQHandler                 0x0800011f   Thumb Code     0  startup_stm32f10x_md.o(.text)
    DMA1_Channel4_IRQHandler                 0x0800011f   Thumb Code     0  startup_stm32f10x_md.o(.text)
    DMA1_Channel5_IRQHandler                 0x0800011f   Thumb Code     0  startup_stm32f10x_md.o(.text)
    DMA1_Channel6_IRQHandler                 0x0800011f   Thumb Code     0  startup_stm32f10x_md.o(.text)
    DMA1_Channel7_IRQHandler                 0x0800011f   Thumb Code     0  startup_stm32f10x_md.o(.text)
    EXTI0_IRQHandler                         0x0800011f   Thumb Code     0  startup_stm32f10x_md.o(.text)
    EXTI15_10_IRQHandler                     0x0800011f   Thumb Code     0  startup_stm32f10x_md.o(.text)
    EXTI1_IRQHandler                         0x0800011f   Thumb Code     0  startup_stm32f10x_md.o(.text)
    EXTI2_IRQHandler                         0x0800011f   Thumb Code     0  startup_stm32f10x_md.o(.text)
    EXTI3_IRQHandler                         0x0800011f   Thumb Code     0  startup_stm32f10x_md.o(.text)
    EXTI4_IRQHandler                         0x0800011f   Thumb Code     0  startup_stm32f10x_md.o(.text)
    EXTI9_5_IRQHandler                       0x0800011f   Thumb Code     0  startup_stm32f10x_md.o(.text)
    FLASH_IRQHandler                         0x0800011f   Thumb Code     0  startup_stm32f10x_md.o(.text)
    I2C1_ER_IRQHandler                       0x0800011f   Thumb Code     0  startup_stm32f10x_md.o(.text)
    I2C1_EV_IRQHandler                       0x0800011f   Thumb Code     0  startup_stm32f10x_md.o(.text)
    I2C2_ER_IRQHandler                       0x0800011f   Thumb Code     0  startup_stm32f10x_md.o(.text)
    I2C2_EV_IRQHandler                       0x0800011f   Thumb Code     0  startup_stm32f10x_md.o(.text)
    PVD_IRQHandler                           0x0800011f   Thumb Code     0  startup_stm32f10x_md.o(.text)
    RCC_IRQHandler                           0x0800011f   Thumb Code     0  startup_stm32f10x_md.o(.text)
    RTCAlarm_IRQHandler                      0x0800011f   Thumb Code     0  startup_stm32f10x_md.o(.text)
    RTC_IRQHandler                           0x0800011f   Thumb Code     0  startup_stm32f10x_md.o(.text)
    SPI1_IRQHandler                          0x0800011f   Thumb Code     0  startup_stm32f10x_md.o(.text)
    SPI2_IRQHandler                          0x0800011f   Thumb Code     0  startup_stm32f10x_md.o(.text)
    TAMPER_IRQHandler                        0x0800011f   Thumb Code     0  startup_stm32f10x_md.o(.text)
    TIM1_BRK_IRQHandler                      0x0800011f   Thumb Code     0  startup_stm32f10x_md.o(.text)
    TIM1_CC_IRQHandler                       0x0800011f   Thumb Code     0  startup_stm32f10x_md.o(.text)
    TIM1_TRG_COM_IRQHandler                  0x0800011f   Thumb Code     0  startup_stm32f10x_md.o(.text)
    TIM1_UP_IRQHandler                       0x0800011f   Thumb Code     0  startup_stm32f10x_md.o(.text)
    TIM2_IRQHandler                          0x0800011f   Thumb Code     0  startup_stm32f10x_md.o(.text)
    TIM3_IRQHandler                          0x0800011f   Thumb Code     0  startup_stm32f10x_md.o(.text)
    TIM4_IRQHandler                          0x0800011f   Thumb Code     0  startup_stm32f10x_md.o(.text)
    USART2_IRQHandler                        0x0800011f   Thumb Code     0  startup_stm32f10x_md.o(.text)
    USART3_IRQHandler                        0x0800011f   Thumb Code     0  startup_stm32f10x_md.o(.text)
    USBWakeUp_IRQHandler                     0x0800011f   Thumb Code     0  startup_stm32f10x_md.o(.text)
    USB_HP_CAN1_TX_IRQHandler                0x0800011f   Thumb Code     0  startup_stm32f10x_md.o(.text)
    USB_LP_CAN1_RX0_IRQHandler               0x0800011f   Thumb Code     0  startup_stm32f10x_md.o(.text)
    WWDG_IRQHandler                          0x0800011f   Thumb Code     0  startup_stm32f10x_md.o(.text)
    strchr                                   0x08000129   Thumb Code    20  strchr.o(.text)
    strcpy                                   0x0800013d   Thumb Code    18  strcpy.o(.text)
    __aeabi_fadd                             0x0800014f   Thumb Code   164  fadd.o(.text)
    __aeabi_fsub                             0x080001f3   Thumb Code     6  fadd.o(.text)
    __aeabi_frsub                            0x080001f9   Thumb Code     6  fadd.o(.text)
    __aeabi_fmul                             0x080001ff   Thumb Code   100  fmul.o(.text)
    __aeabi_fdiv                             0x08000263   Thumb Code   124  fdiv.o(.text)
    __aeabi_dadd                             0x080002df   Thumb Code   322  dadd.o(.text)
    __aeabi_dsub                             0x08000421   Thumb Code     6  dadd.o(.text)
    __aeabi_drsub                            0x08000427   Thumb Code     6  dadd.o(.text)
    __aeabi_dmul                             0x0800042d   Thumb Code   228  dmul.o(.text)
    __aeabi_ddiv                             0x08000511   Thumb Code   222  ddiv.o(.text)
    __aeabi_i2f                              0x080005ef   Thumb Code    18  fflti.o(.text)
    __aeabi_ui2f                             0x08000601   Thumb Code    10  ffltui.o(.text)
    __aeabi_i2d                              0x0800060b   Thumb Code    34  dflti.o(.text)
    __aeabi_ui2d                             0x0800062d   Thumb Code    26  dfltui.o(.text)
    __aeabi_f2uiz                            0x08000647   Thumb Code    40  ffixui.o(.text)
    __aeabi_d2iz                             0x0800066f   Thumb Code    62  dfixi.o(.text)
    __aeabi_d2uiz                            0x080006ad   Thumb Code    50  dfixui.o(.text)
    __aeabi_f2d                              0x080006df   Thumb Code    38  f2d.o(.text)
    __aeabi_cdcmpeq                          0x08000705   Thumb Code     0  cdcmple.o(.text)
    __aeabi_cdcmple                          0x08000705   Thumb Code    48  cdcmple.o(.text)
    __aeabi_cdrcmple                         0x08000735   Thumb Code    48  cdrcmple.o(.text)
    __aeabi_d2f                              0x08000765   Thumb Code    56  d2f.o(.text)
    __aeabi_cfcmpeq                          0x0800079d   Thumb Code     0  cfcmple.o(.text)
    __aeabi_cfcmple                          0x0800079d   Thumb Code    20  cfcmple.o(.text)
    __aeabi_cfrcmple                         0x080007b1   Thumb Code    20  cfrcmple.o(.text)
    __aeabi_uidiv                            0x080007c5   Thumb Code     0  uidiv.o(.text)
    __aeabi_uidivmod                         0x080007c5   Thumb Code    44  uidiv.o(.text)
    __aeabi_uldivmod                         0x080007f1   Thumb Code    98  uldiv.o(.text)
    __aeabi_llsl                             0x08000853   Thumb Code    30  llshl.o(.text)
    _ll_shift_l                              0x08000853   Thumb Code     0  llshl.o(.text)
    __aeabi_llsr                             0x08000871   Thumb Code    32  llushr.o(.text)
    _ll_ushift_r                             0x08000871   Thumb Code     0  llushr.o(.text)
    __aeabi_lasr                             0x08000891   Thumb Code    36  llsshr.o(.text)
    _ll_sshift_r                             0x08000891   Thumb Code     0  llsshr.o(.text)
    __strtod_int                             0x080008eb   Thumb Code    90  strtod.o(.text)
    __I$use$fp                               0x08000951   Thumb Code     0  iusefp.o(.text)
    _float_round                             0x08000951   Thumb Code    18  fepilogue.o(.text)
    _float_epilogue                          0x08000963   Thumb Code    92  fepilogue.o(.text)
    _double_round                            0x080009bf   Thumb Code    30  depilogue.o(.text)
    _double_epilogue                         0x080009dd   Thumb Code   156  depilogue.o(.text)
    _drem                                    0x08000a79   Thumb Code   134  drem.o(.text)
    __aeabi_d2ulz                            0x08000aff   Thumb Code    48  dfixul.o(.text)
    __scatterload                            0x08000b31   Thumb Code    28  init.o(.text)
    __scatterload_rt2                        0x08000b31   Thumb Code     0  init.o(.text)
    isspace                                  0x08000b55   Thumb Code    10  isspace_c.o(.text)
    _scanf_real                              0x08000c89   Thumb Code     0  scanf_fp.o(.text)
    _scanf_really_real                       0x08000c89   Thumb Code   556  scanf_fp.o(.text)
    _sgetc                                   0x08000ec1   Thumb Code    30  _sgetc.o(.text)
    _sbackspace                              0x08000edf   Thumb Code    34  _sgetc.o(.text)
    __ARM_scalbn                             0x08000f01   Thumb Code    46  dscalb.o(.text)
    scalbn                                   0x08000f01   Thumb Code     0  dscalb.o(.text)
    __ctype_lookup                           0x08000f31   Thumb Code    34  ctype_c.o(.text)
    __aeabi_ul2d                             0x08000f59   Thumb Code    24  dfltul.o(.text)
    ADC_Cmd                                  0x08000f71   Thumb Code    22  stm32f10x_adc.o(i.ADC_Cmd)
    ADC_DeInit                               0x08000f89   Thumb Code    78  stm32f10x_adc.o(i.ADC_DeInit)
    ADC_GetCalibrationStatus                 0x08000fe5   Thumb Code    20  stm32f10x_adc.o(i.ADC_GetCalibrationStatus)
    ADC_GetConversionValue                   0x08000ff9   Thumb Code     8  stm32f10x_adc.o(i.ADC_GetConversionValue)
    ADC_GetFlagStatus                        0x08001001   Thumb Code    18  stm32f10x_adc.o(i.ADC_GetFlagStatus)
    ADC_GetResetCalibrationStatus            0x08001013   Thumb Code    20  stm32f10x_adc.o(i.ADC_GetResetCalibrationStatus)
    ADC_Init                                 0x08001029   Thumb Code    70  stm32f10x_adc.o(i.ADC_Init)
    ADC_RegularChannelConfig                 0x08001079   Thumb Code   184  stm32f10x_adc.o(i.ADC_RegularChannelConfig)
    ADC_ResetCalibration                     0x08001131   Thumb Code    10  stm32f10x_adc.o(i.ADC_ResetCalibration)
    ADC_SoftwareStartConvCmd                 0x0800113b   Thumb Code    22  stm32f10x_adc.o(i.ADC_SoftwareStartConvCmd)
    ADC_StartCalibration                     0x08001151   Thumb Code    10  stm32f10x_adc.o(i.ADC_StartCalibration)
    Current_calibrateOffsets                 0x0800115d   Thumb Code   228  inlinecurrentsense.o(i.Current_calibrateOffsets)
    GPIO_Config                              0x0800127d   Thumb Code    96  main.o(i.GPIO_Config)
    GPIO_Init                                0x080012e9   Thumb Code   278  stm32f10x_gpio.o(i.GPIO_Init)
    GPIO_PinRemapConfig                      0x08001401   Thumb Code   138  stm32f10x_gpio.o(i.GPIO_PinRemapConfig)
    GPIO_ResetBits                           0x08001491   Thumb Code     4  stm32f10x_gpio.o(i.GPIO_ResetBits)
    GPIO_SetBits                             0x08001495   Thumb Code     4  stm32f10x_gpio.o(i.GPIO_SetBits)
    I2C1_Init_                               0x08001499   Thumb Code   118  iic.o(i.I2C1_Init_)
    I2C2_Init_                               0x0800151d   Thumb Code   120  iic.o(i.I2C2_Init_)
    I2C_Cmd                                  0x080015a1   Thumb Code    24  stm32f10x_i2c.o(i.I2C_Cmd)
    I2C_DeInit                               0x080015b9   Thumb Code    50  stm32f10x_i2c.o(i.I2C_DeInit)
    I2C_GenerateSTOP                         0x080015f1   Thumb Code    24  stm32f10x_i2c.o(i.I2C_GenerateSTOP)
    I2C_Init                                 0x08001609   Thumb Code   222  stm32f10x_i2c.o(i.I2C_Init)
    I2C_getRawCount                          0x080016f5   Thumb Code   256  magneticsensori2c.o(i.I2C_getRawCount)
    I2CandSPI_Init                           0x080017f5   Thumb Code    92  sensor.o(i.I2CandSPI_Init)
    InlineCurrentSense                       0x0800187d   Thumb Code   154  inlinecurrentsense.o(i.InlineCurrentSense)
    InlineCurrentSense_Init                  0x08001949   Thumb Code    26  inlinecurrentsense.o(i.InlineCurrentSense_Init)
    LPF_init                                 0x08001965   Thumb Code    48  lowpass_filter.o(i.LPF_init)
    LPFoperator                              0x08001999   Thumb Code   136  lowpass_filter.o(i.LPFoperator)
    MagneticSensor_Init                      0x08001a2d   Thumb Code    48  sensor.o(i.MagneticSensor_Init)
    Motor_init                               0x08001a5d   Thumb Code   100  bldcmotor.o(i.Motor_init)
    Motor_initFOC                            0x08001ae9   Thumb Code    96  bldcmotor.o(i.Motor_initFOC)
    NVIC_Init                                0x08001b49   Thumb Code   100  misc.o(i.NVIC_Init)
    PID_init                                 0x08001bb9   Thumb Code   156  pid.o(i.PID_init)
    PIDoperator                              0x08001c65   Thumb Code   364  pid.o(i.PIDoperator)
    RCC_ADCCLKConfig                         0x08001ddd   Thumb Code    18  stm32f10x_rcc.o(i.RCC_ADCCLKConfig)
    RCC_APB1PeriphClockCmd                   0x08001df5   Thumb Code    26  stm32f10x_rcc.o(i.RCC_APB1PeriphClockCmd)
    RCC_APB1PeriphResetCmd                   0x08001e15   Thumb Code    26  stm32f10x_rcc.o(i.RCC_APB1PeriphResetCmd)
    RCC_APB2PeriphClockCmd                   0x08001e35   Thumb Code    26  stm32f10x_rcc.o(i.RCC_APB2PeriphClockCmd)
    RCC_APB2PeriphResetCmd                   0x08001e55   Thumb Code    26  stm32f10x_rcc.o(i.RCC_APB2PeriphResetCmd)
    RCC_GetClocksFreq                        0x08001e75   Thumb Code   192  stm32f10x_rcc.o(i.RCC_GetClocksFreq)
    SysTick_Handler                          0x08002031   Thumb Code    12  delay.o(i.SysTick_Handler)
    SystemInit                               0x08002041   Thumb Code    78  system_stm32f10x.o(i.SystemInit)
    TIM2_PWM_Init                            0x080020a1   Thumb Code   186  timer.o(i.TIM2_PWM_Init)
    TIM3_PWM_Init                            0x08002161   Thumb Code   202  timer.o(i.TIM3_PWM_Init)
    TIM_ARRPreloadConfig                     0x08002239   Thumb Code    24  stm32f10x_tim.o(i.TIM_ARRPreloadConfig)
    TIM_Cmd                                  0x08002251   Thumb Code    24  stm32f10x_tim.o(i.TIM_Cmd)
    TIM_DeInit                               0x08002269   Thumb Code   424  stm32f10x_tim.o(i.TIM_DeInit)
    TIM_OC1Init                              0x08002451   Thumb Code   132  stm32f10x_tim.o(i.TIM_OC1Init)
    TIM_OC1PreloadConfig                     0x080024e9   Thumb Code    18  stm32f10x_tim.o(i.TIM_OC1PreloadConfig)
    TIM_OC2Init                              0x080024fd   Thumb Code   154  stm32f10x_tim.o(i.TIM_OC2Init)
    TIM_OC2PreloadConfig                     0x080025a1   Thumb Code    26  stm32f10x_tim.o(i.TIM_OC2PreloadConfig)
    TIM_OC3Init                              0x080025bd   Thumb Code   150  stm32f10x_tim.o(i.TIM_OC3Init)
    TIM_OC3PreloadConfig                     0x0800265d   Thumb Code    18  stm32f10x_tim.o(i.TIM_OC3PreloadConfig)
    TIM_SetCompare1                          0x0800266f   Thumb Code     4  stm32f10x_tim.o(i.TIM_SetCompare1)
    TIM_SetCompare2                          0x08002673   Thumb Code     4  stm32f10x_tim.o(i.TIM_SetCompare2)
    TIM_SetCompare3                          0x08002677   Thumb Code     4  stm32f10x_tim.o(i.TIM_SetCompare3)
    TIM_TimeBaseInit                         0x0800267d   Thumb Code   122  stm32f10x_tim.o(i.TIM_TimeBaseInit)
    USART1_IRQHandler                        0x08002721   Thumb Code   136  usart.o(i.USART1_IRQHandler)
    USART_Cmd                                0x080027b5   Thumb Code    24  stm32f10x_usart.o(i.USART_Cmd)
    USART_GetITStatus                        0x080027cd   Thumb Code    84  stm32f10x_usart.o(i.USART_GetITStatus)
    USART_ITConfig                           0x08002821   Thumb Code    74  stm32f10x_usart.o(i.USART_ITConfig)
    USART_Init                               0x0800286d   Thumb Code   210  stm32f10x_usart.o(i.USART_Init)
    USART_ReceiveData                        0x08002945   Thumb Code    10  stm32f10x_usart.o(i.USART_ReceiveData)
    __0printf                                0x08002951   Thumb Code    22  printfa.o(i.__0printf)
    __1printf                                0x08002951   Thumb Code     0  printfa.o(i.__0printf)
    __2printf                                0x08002951   Thumb Code     0  printfa.o(i.__0printf)
    __c89printf                              0x08002951   Thumb Code     0  printfa.o(i.__0printf)
    printf                                   0x08002951   Thumb Code     0  printfa.o(i.__0printf)
    __ARM_fpclassify                         0x08002971   Thumb Code    40  fpclassify.o(i.__ARM_fpclassify)
    __kernel_poly                            0x08002999   Thumb Code   170  poly.o(i.__kernel_poly)
    __mathlib_dbl_infnan                     0x08002a43   Thumb Code     6  dunder.o(i.__mathlib_dbl_infnan)
    __mathlib_dbl_infnan2                    0x08002a49   Thumb Code     4  dunder.o(i.__mathlib_dbl_infnan2)
    __mathlib_dbl_invalid                    0x08002a4d   Thumb Code    12  dunder.o(i.__mathlib_dbl_invalid)
    __mathlib_dbl_underflow                  0x08002a59   Thumb Code    10  dunder.o(i.__mathlib_dbl_underflow)
    __read_errno                             0x08002a69   Thumb Code     6  errno.o(i.__read_errno)
    __scatterload_copy                       0x08002a75   Thumb Code    14  handlers.o(i.__scatterload_copy)
    __scatterload_null                       0x08002a83   Thumb Code     2  handlers.o(i.__scatterload_null)
    __scatterload_zeroinit                   0x08002a85   Thumb Code    14  handlers.o(i.__scatterload_zeroinit)
    __set_errno                              0x08002a95   Thumb Code     6  errno.o(i.__set_errno)
    _cos                                     0x08002aa1   Thumb Code    90  foc_utils.o(i._cos)
    _electricalAngle                         0x08002b0d   Thumb Code    22  foc_utils.o(i._electricalAngle)
    _is_digit                                0x08002ca9   Thumb Code    14  scanf_fp.o(i._is_digit)
    _micros                                  0x08002cb9   Thumb Code    44  delay.o(i._micros)
    _normalizeAngle                          0x08002ced   Thumb Code    74  foc_utils.o(i._normalizeAngle)
    _readADCVoltageInline                    0x08003449   Thumb Code    58  adc.o(i._readADCVoltageInline)
    _sin                                     0x0800348d   Thumb Code   612  foc_utils.o(i._sin)
    _sqrtApprox                              0x08003725   Thumb Code    26  foc_utils.o(i._sqrtApprox)
    alignSensor                              0x08003745   Thumb Code   658  bldcmotor.o(i.alignSensor)
    analogRead                               0x08003b2d   Thumb Code    46  adc.o(i.analogRead)
    angleOpenloop                            0x08003b61   Thumb Code   260  bldcmotor.o(i.angleOpenloop)
    atan                                     0x08003c71   Thumb Code   474  atan.o(i.atan)
    atan2                                    0x08003e91   Thumb Code   374  atan2.o(i.atan2)
    atof                                     0x0800402d   Thumb Code    42  atof.o(i.atof)
    commander_run                            0x08004059   Thumb Code   322  main.o(i.commander_run)
    configureADCInline                       0x080041d5   Thumb Code   298  adc.o(i.configureADCInline)
    delay_ms                                 0x08004311   Thumb Code    48  delay.o(i.delay_ms)
    electricalAngle                          0x08004341   Thumb Code    42  focmotor.o(i.electricalAngle)
    fmod                                     0x0800436d   Thumb Code   144  fmod.o(i.fmod)
    fputc                                    0x08004401   Thumb Code    24  usart.o(i.fputc)
    getAngle                                 0x0800441d   Thumb Code   202  sensor.o(i.getAngle)
    getDCCurrent                             0x080044fd   Thumb Code   330  currentsense.o(i.getDCCurrent)
    getFOCCurrents                           0x08004659   Thumb Code   290  currentsense.o(i.getFOCCurrents)
    getPhaseCurrents                         0x0800478d   Thumb Code   108  inlinecurrentsense.o(i.getPhaseCurrents)
    getRawCount                              0x080047fd   Thumb Code    32  sensor.o(i.getRawCount)
    getVelocity                              0x08004825   Thumb Code   106  sensor.o(i.getVelocity)
    loopFOC                                  0x0800489d   Thumb Code   266  bldcmotor.o(i.loopFOC)
    main                                     0x080049d1   Thumb Code   420  main.o(i.main)
    move                                     0x08004bc9   Thumb Code   244  bldcmotor.o(i.move)
    setPhaseVoltage                          0x08004cc1   Thumb Code  1236  bldcmotor.o(i.setPhaseVoltage)
    shaftAngle                               0x08005199   Thumb Code    46  focmotor.o(i.shaftAngle)
    shaftVelocity                            0x080051cd   Thumb Code    46  focmotor.o(i.shaftVelocity)
    systick_CountInit                        0x080051fd   Thumb Code    18  delay.o(i.systick_CountInit)
    uart_init                                0x08005215   Thumb Code   152  usart.o(i.uart_init)
    velocityOpenloop                         0x080052b5   Thumb Code   134  bldcmotor.o(i.velocityOpenloop)
    sine_array                               0x08005348   Data         800  foc_utils.o(.constdata)
    __mathlib_zero                           0x08005700   Data           8  qnan.o(.constdata)
    __ctype_categories                       0x08005708   Data          64  ctype_c.o(.constdata)
    Region$$Table$$Base                      0x08005748   Number         0  anon$$obj.o(Region$$Table)
    Region$$Table$$Limit                     0x08005768   Number         0  anon$$obj.o(Region$$Table)
    sysTickUptime                            0x20000014   Data           4  delay.o(.data)
    __stdout                                 0x20000018   Data           4  usart.o(.data)
    USART_RX_STA                             0x2000001c   Data           2  usart.o(.data)
    AS5047P_para                             0x2000001e   Data           6  sensor.o(.data)
    TLE5012B_para                            0x20000024   Data           6  sensor.o(.data)
    MA730_para                               0x2000002a   Data           6  sensor.o(.data)
    sensor_offset                            0x20000030   Data           4  focmotor.o(.data)
    voltage                                  0x20000034   Data           8  bldcmotor.o(.data)
    current                                  0x2000003c   Data           8  bldcmotor.o(.data)
    voltage_power_supply                     0x20000044   Data           4  bldcmotor.o(.data)
    timecntr_pre                             0x20000048   Data           4  main.o(.data)
    time_cntr                                0x2000004c   Data           4  main.o(.data)
    setPoint1                                0x20000050   Data           4  main.o(.data)
    setPoint2                                0x20000054   Data           4  main.o(.data)
    USART_RX_BUF                             0x2000005c   Data         256  usart.o(.bss)
    M1                                       0x2000015c   Data         304  main.o(.bss)
    M2                                       0x2000028c   Data         304  main.o(.bss)
    __initial_sp                             0x200007c0   Data           0  startup_stm32f10x_md.o(STACK)



==============================================================================

Memory Map of the image

  Image Entry point : 0x080000ed

  Load Region LR_IROM1 (Base: 0x08000000, Size: 0x000057c4, Max: 0x00010000, ABSOLUTE)

    Execution Region ER_IROM1 (Exec base: 0x08000000, Load base: 0x08000000, Size: 0x00005768, Max: 0x00010000, ABSOLUTE)

    Exec Addr    Load Addr    Size         Type   Attr      Idx    E Section Name        Object

    0x08000000   0x08000000   0x000000ec   Data   RO          132    RESET               startup_stm32f10x_md.o
    0x080000ec   0x080000ec   0x00000000   Code   RO         3726  * .ARM.Collect$$$$00000000  mc_w.l(entry.o)
    0x080000ec   0x080000ec   0x00000004   Code   RO         4057    .ARM.Collect$$$$00000001  mc_w.l(entry2.o)
    0x080000f0   0x080000f0   0x00000004   Code   RO         4060    .ARM.Collect$$$$00000004  mc_w.l(entry5.o)
    0x080000f4   0x080000f4   0x00000000   Code   RO         4062    .ARM.Collect$$$$00000008  mc_w.l(entry7b.o)
    0x080000f4   0x080000f4   0x00000000   Code   RO         4064    .ARM.Collect$$$$0000000A  mc_w.l(entry8b.o)
    0x080000f4   0x080000f4   0x00000008   Code   RO         4065    .ARM.Collect$$$$0000000B  mc_w.l(entry9a.o)
    0x080000fc   0x080000fc   0x00000004   Code   RO         4072    .ARM.Collect$$$$0000000E  mc_w.l(entry12b.o)
    0x08000100   0x08000100   0x00000000   Code   RO         4067    .ARM.Collect$$$$0000000F  mc_w.l(entry10a.o)
    0x08000100   0x08000100   0x00000000   Code   RO         4069    .ARM.Collect$$$$00000011  mc_w.l(entry11a.o)
    0x08000100   0x08000100   0x00000004   Code   RO         4058    .ARM.Collect$$$$00002712  mc_w.l(entry2.o)
    0x08000104   0x08000104   0x00000024   Code   RO          133    .text               startup_stm32f10x_md.o
    0x08000128   0x08000128   0x00000014   Code   RO         3729    .text               mc_w.l(strchr.o)
    0x0800013c   0x0800013c   0x00000012   Code   RO         3731    .text               mc_w.l(strcpy.o)
    0x0800014e   0x0800014e   0x000000b0   Code   RO         3994    .text               mf_w.l(fadd.o)
    0x080001fe   0x080001fe   0x00000064   Code   RO         3996    .text               mf_w.l(fmul.o)
    0x08000262   0x08000262   0x0000007c   Code   RO         3998    .text               mf_w.l(fdiv.o)
    0x080002de   0x080002de   0x0000014e   Code   RO         4000    .text               mf_w.l(dadd.o)
    0x0800042c   0x0800042c   0x000000e4   Code   RO         4002    .text               mf_w.l(dmul.o)
    0x08000510   0x08000510   0x000000de   Code   RO         4004    .text               mf_w.l(ddiv.o)
    0x080005ee   0x080005ee   0x00000012   Code   RO         4006    .text               mf_w.l(fflti.o)
    0x08000600   0x08000600   0x0000000a   Code   RO         4008    .text               mf_w.l(ffltui.o)
    0x0800060a   0x0800060a   0x00000022   Code   RO         4010    .text               mf_w.l(dflti.o)
    0x0800062c   0x0800062c   0x0000001a   Code   RO         4012    .text               mf_w.l(dfltui.o)
    0x08000646   0x08000646   0x00000028   Code   RO         4014    .text               mf_w.l(ffixui.o)
    0x0800066e   0x0800066e   0x0000003e   Code   RO         4016    .text               mf_w.l(dfixi.o)
    0x080006ac   0x080006ac   0x00000032   Code   RO         4018    .text               mf_w.l(dfixui.o)
    0x080006de   0x080006de   0x00000026   Code   RO         4020    .text               mf_w.l(f2d.o)
    0x08000704   0x08000704   0x00000030   Code   RO         4022    .text               mf_w.l(cdcmple.o)
    0x08000734   0x08000734   0x00000030   Code   RO         4024    .text               mf_w.l(cdrcmple.o)
    0x08000764   0x08000764   0x00000038   Code   RO         4026    .text               mf_w.l(d2f.o)
    0x0800079c   0x0800079c   0x00000014   Code   RO         4028    .text               mf_w.l(cfcmple.o)
    0x080007b0   0x080007b0   0x00000014   Code   RO         4030    .text               mf_w.l(cfrcmple.o)
    0x080007c4   0x080007c4   0x0000002c   Code   RO         4073    .text               mc_w.l(uidiv.o)
    0x080007f0   0x080007f0   0x00000062   Code   RO         4075    .text               mc_w.l(uldiv.o)
    0x08000852   0x08000852   0x0000001e   Code   RO         4077    .text               mc_w.l(llshl.o)
    0x08000870   0x08000870   0x00000020   Code   RO         4079    .text               mc_w.l(llushr.o)
    0x08000890   0x08000890   0x00000024   Code   RO         4081    .text               mc_w.l(llsshr.o)
    0x080008b4   0x080008b4   0x0000009c   Code   RO         4090    .text               mc_w.l(strtod.o)
    0x08000950   0x08000950   0x00000000   Code   RO         4092    .text               mc_w.l(iusefp.o)
    0x08000950   0x08000950   0x0000006e   Code   RO         4093    .text               mf_w.l(fepilogue.o)
    0x080009be   0x080009be   0x000000ba   Code   RO         4095    .text               mf_w.l(depilogue.o)
    0x08000a78   0x08000a78   0x00000086   Code   RO         4097    .text               mf_w.l(drem.o)
    0x08000afe   0x08000afe   0x00000030   Code   RO         4099    .text               mf_w.l(dfixul.o)
    0x08000b2e   0x08000b2e   0x00000002   PAD
    0x08000b30   0x08000b30   0x00000024   Code   RO         4105    .text               mc_w.l(init.o)
    0x08000b54   0x08000b54   0x0000000a   Code   RO         4107    .text               mc_w.l(isspace_c.o)
    0x08000b5e   0x08000b5e   0x00000002   PAD
    0x08000b60   0x08000b60   0x00000360   Code   RO         4109    .text               mc_w.l(scanf_fp.o)
    0x08000ec0   0x08000ec0   0x00000040   Code   RO         4113    .text               mc_w.l(_sgetc.o)
    0x08000f00   0x08000f00   0x0000002e   Code   RO         4115    .text               mf_w.l(dscalb.o)
    0x08000f2e   0x08000f2e   0x00000002   PAD
    0x08000f30   0x08000f30   0x00000028   Code   RO         4117    .text               mc_w.l(ctype_c.o)
    0x08000f58   0x08000f58   0x00000018   Code   RO         4120    .text               mf_w.l(dfltul.o)
    0x08000f70   0x08000f70   0x00000016   Code   RO          202    i.ADC_Cmd           stm32f10x_adc.o
    0x08000f86   0x08000f86   0x00000002   PAD
    0x08000f88   0x08000f88   0x0000005c   Code   RO          204    i.ADC_DeInit        stm32f10x_adc.o
    0x08000fe4   0x08000fe4   0x00000014   Code   RO          210    i.ADC_GetCalibrationStatus  stm32f10x_adc.o
    0x08000ff8   0x08000ff8   0x00000008   Code   RO          211    i.ADC_GetConversionValue  stm32f10x_adc.o
    0x08001000   0x08001000   0x00000012   Code   RO          213    i.ADC_GetFlagStatus  stm32f10x_adc.o
    0x08001012   0x08001012   0x00000014   Code   RO          216    i.ADC_GetResetCalibrationStatus  stm32f10x_adc.o
    0x08001026   0x08001026   0x00000002   PAD
    0x08001028   0x08001028   0x00000050   Code   RO          220    i.ADC_Init          stm32f10x_adc.o
    0x08001078   0x08001078   0x000000b8   Code   RO          224    i.ADC_RegularChannelConfig  stm32f10x_adc.o
    0x08001130   0x08001130   0x0000000a   Code   RO          225    i.ADC_ResetCalibration  stm32f10x_adc.o
    0x0800113a   0x0800113a   0x00000016   Code   RO          227    i.ADC_SoftwareStartConvCmd  stm32f10x_adc.o
    0x08001150   0x08001150   0x0000000a   Code   RO          229    i.ADC_StartCalibration  stm32f10x_adc.o
    0x0800115a   0x0800115a   0x00000002   PAD
    0x0800115c   0x0800115c   0x00000120   Code   RO         3625    i.Current_calibrateOffsets  inlinecurrentsense.o
    0x0800127c   0x0800127c   0x0000006c   Code   RO         3655    i.GPIO_Config       main.o
    0x080012e8   0x080012e8   0x00000116   Code   RO         1311    i.GPIO_Init         stm32f10x_gpio.o
    0x080013fe   0x080013fe   0x00000002   PAD
    0x08001400   0x08001400   0x00000090   Code   RO         1313    i.GPIO_PinRemapConfig  stm32f10x_gpio.o
    0x08001490   0x08001490   0x00000004   Code   RO         1318    i.GPIO_ResetBits    stm32f10x_gpio.o
    0x08001494   0x08001494   0x00000004   Code   RO         1319    i.GPIO_SetBits      stm32f10x_gpio.o
    0x08001498   0x08001498   0x00000084   Code   RO         3231    i.I2C1_Init_        iic.o
    0x0800151c   0x0800151c   0x00000084   Code   RO         3232    i.I2C2_Init_        iic.o
    0x080015a0   0x080015a0   0x00000018   Code   RO         1425    i.I2C_Cmd           stm32f10x_i2c.o
    0x080015b8   0x080015b8   0x00000038   Code   RO         1428    i.I2C_DeInit        stm32f10x_i2c.o
    0x080015f0   0x080015f0   0x00000018   Code   RO         1433    i.I2C_GenerateSTOP  stm32f10x_i2c.o
    0x08001608   0x08001608   0x000000ec   Code   RO         1439    i.I2C_Init          stm32f10x_i2c.o
    0x080016f4   0x080016f4   0x00000100   Code   RO         3361    i.I2C_getRawCount   magneticsensori2c.o
    0x080017f4   0x080017f4   0x00000088   Code   RO         3406    i.I2CandSPI_Init    sensor.o
    0x0800187c   0x0800187c   0x000000cc   Code   RO         3626    i.InlineCurrentSense  inlinecurrentsense.o
    0x08001948   0x08001948   0x0000001a   Code   RO         3627    i.InlineCurrentSense_Init  inlinecurrentsense.o
    0x08001962   0x08001962   0x00000002   PAD
    0x08001964   0x08001964   0x00000034   Code   RO         3589    i.LPF_init          lowpass_filter.o
    0x08001998   0x08001998   0x00000094   Code   RO         3590    i.LPFoperator       lowpass_filter.o
    0x08001a2c   0x08001a2c   0x00000030   Code   RO         3407    i.MagneticSensor_Init  sensor.o
    0x08001a5c   0x08001a5c   0x0000008c   Code   RO         3511    i.Motor_init        bldcmotor.o
    0x08001ae8   0x08001ae8   0x00000060   Code   RO         3512    i.Motor_initFOC     bldcmotor.o
    0x08001b48   0x08001b48   0x00000070   Code   RO          137    i.NVIC_Init         misc.o
    0x08001bb8   0x08001bb8   0x000000ac   Code   RO         3571    i.PID_init          pid.o
    0x08001c64   0x08001c64   0x00000178   Code   RO         3572    i.PIDoperator       pid.o
    0x08001ddc   0x08001ddc   0x00000018   Code   RO         1725    i.RCC_ADCCLKConfig  stm32f10x_rcc.o
    0x08001df4   0x08001df4   0x00000020   Code   RO         1727    i.RCC_APB1PeriphClockCmd  stm32f10x_rcc.o
    0x08001e14   0x08001e14   0x00000020   Code   RO         1728    i.RCC_APB1PeriphResetCmd  stm32f10x_rcc.o
    0x08001e34   0x08001e34   0x00000020   Code   RO         1729    i.RCC_APB2PeriphClockCmd  stm32f10x_rcc.o
    0x08001e54   0x08001e54   0x00000020   Code   RO         1730    i.RCC_APB2PeriphResetCmd  stm32f10x_rcc.o
    0x08001e74   0x08001e74   0x000000d4   Code   RO         1737    i.RCC_GetClocksFreq  stm32f10x_rcc.o
    0x08001f48   0x08001f48   0x00000008   Code   RO           17    i.SetSysClock       system_stm32f10x.o
    0x08001f50   0x08001f50   0x000000e0   Code   RO           18    i.SetSysClockTo72   system_stm32f10x.o
    0x08002030   0x08002030   0x00000010   Code   RO         3148    i.SysTick_Handler   delay.o
    0x08002040   0x08002040   0x00000060   Code   RO           20    i.SystemInit        system_stm32f10x.o
    0x080020a0   0x080020a0   0x000000c0   Code   RO         3127    i.TIM2_PWM_Init     timer.o
    0x08002160   0x08002160   0x000000d8   Code   RO         3128    i.TIM3_PWM_Init     timer.o
    0x08002238   0x08002238   0x00000018   Code   RO         2349    i.TIM_ARRPreloadConfig  stm32f10x_tim.o
    0x08002250   0x08002250   0x00000018   Code   RO         2361    i.TIM_Cmd           stm32f10x_tim.o
    0x08002268   0x08002268   0x000001e8   Code   RO         2366    i.TIM_DeInit        stm32f10x_tim.o
    0x08002450   0x08002450   0x00000098   Code   RO         2390    i.TIM_OC1Init       stm32f10x_tim.o
    0x080024e8   0x080024e8   0x00000012   Code   RO         2393    i.TIM_OC1PreloadConfig  stm32f10x_tim.o
    0x080024fa   0x080024fa   0x00000002   PAD
    0x080024fc   0x080024fc   0x000000a4   Code   RO         2395    i.TIM_OC2Init       stm32f10x_tim.o
    0x080025a0   0x080025a0   0x0000001a   Code   RO         2398    i.TIM_OC2PreloadConfig  stm32f10x_tim.o
    0x080025ba   0x080025ba   0x00000002   PAD
    0x080025bc   0x080025bc   0x000000a0   Code   RO         2400    i.TIM_OC3Init       stm32f10x_tim.o
    0x0800265c   0x0800265c   0x00000012   Code   RO         2403    i.TIM_OC3PreloadConfig  stm32f10x_tim.o
    0x0800266e   0x0800266e   0x00000004   Code   RO         2422    i.TIM_SetCompare1   stm32f10x_tim.o
    0x08002672   0x08002672   0x00000004   Code   RO         2423    i.TIM_SetCompare2   stm32f10x_tim.o
    0x08002676   0x08002676   0x00000004   Code   RO         2424    i.TIM_SetCompare3   stm32f10x_tim.o
    0x0800267a   0x0800267a   0x00000002   PAD
    0x0800267c   0x0800267c   0x000000a4   Code   RO         2432    i.TIM_TimeBaseInit  stm32f10x_tim.o
    0x08002720   0x08002720   0x00000094   Code   RO         3190    i.USART1_IRQHandler  usart.o
    0x080027b4   0x080027b4   0x00000018   Code   RO         2897    i.USART_Cmd         stm32f10x_usart.o
    0x080027cc   0x080027cc   0x00000054   Code   RO         2901    i.USART_GetITStatus  stm32f10x_usart.o
    0x08002820   0x08002820   0x0000004a   Code   RO         2903    i.USART_ITConfig    stm32f10x_usart.o
    0x0800286a   0x0800286a   0x00000002   PAD
    0x0800286c   0x0800286c   0x000000d8   Code   RO         2904    i.USART_Init        stm32f10x_usart.o
    0x08002944   0x08002944   0x0000000a   Code   RO         2911    i.USART_ReceiveData  stm32f10x_usart.o
    0x0800294e   0x0800294e   0x00000002   PAD
    0x08002950   0x08002950   0x00000020   Code   RO         3966    i.__0printf         mc_w.l(printfa.o)
    0x08002970   0x08002970   0x00000028   Code   RO         4101    i.__ARM_fpclassify  m_ws.l(fpclassify.o)
    0x08002998   0x08002998   0x000000aa   Code   RO         4103    i.__kernel_poly     m_ws.l(poly.o)
    0x08002a42   0x08002a42   0x00000006   Code   RO         4043    i.__mathlib_dbl_infnan  m_ws.l(dunder.o)
    0x08002a48   0x08002a48   0x00000004   Code   RO         4044    i.__mathlib_dbl_infnan2  m_ws.l(dunder.o)
    0x08002a4c   0x08002a4c   0x0000000c   Code   RO         4045    i.__mathlib_dbl_invalid  m_ws.l(dunder.o)
    0x08002a58   0x08002a58   0x00000010   Code   RO         4048    i.__mathlib_dbl_underflow  m_ws.l(dunder.o)
    0x08002a68   0x08002a68   0x0000000c   Code   RO         4084    i.__read_errno      mc_w.l(errno.o)
    0x08002a74   0x08002a74   0x0000000e   Code   RO         4124    i.__scatterload_copy  mc_w.l(handlers.o)
    0x08002a82   0x08002a82   0x00000002   Code   RO         4125    i.__scatterload_null  mc_w.l(handlers.o)
    0x08002a84   0x08002a84   0x0000000e   Code   RO         4126    i.__scatterload_zeroinit  mc_w.l(handlers.o)
    0x08002a92   0x08002a92   0x00000002   PAD
    0x08002a94   0x08002a94   0x0000000c   Code   RO         4085    i.__set_errno       mc_w.l(errno.o)
    0x08002aa0   0x08002aa0   0x0000006c   Code   RO         3445    i._cos              foc_utils.o
    0x08002b0c   0x08002b0c   0x00000016   Code   RO         3446    i._electricalAngle  foc_utils.o
    0x08002b22   0x08002b22   0x00000002   PAD
    0x08002b24   0x08002b24   0x00000184   Code   RO         3973    i._fp_digits        mc_w.l(printfa.o)
    0x08002ca8   0x08002ca8   0x0000000e   Code   RO         4111    i._is_digit         mc_w.l(scanf_fp.o)
    0x08002cb6   0x08002cb6   0x00000002   PAD
    0x08002cb8   0x08002cb8   0x00000034   Code   RO         3149    i._micros           delay.o
    0x08002cec   0x08002cec   0x00000054   Code   RO         3447    i._normalizeAngle   foc_utils.o
    0x08002d40   0x08002d40   0x000006b4   Code   RO         3974    i._printf_core      mc_w.l(printfa.o)
    0x080033f4   0x080033f4   0x00000024   Code   RO         3975    i._printf_post_padding  mc_w.l(printfa.o)
    0x08003418   0x08003418   0x0000002e   Code   RO         3976    i._printf_pre_padding  mc_w.l(printfa.o)
    0x08003446   0x08003446   0x00000002   PAD
    0x08003448   0x08003448   0x00000044   Code   RO         3280    i._readADCVoltageInline  adc.o
    0x0800348c   0x0800348c   0x00000298   Code   RO         3448    i._sin              foc_utils.o
    0x08003724   0x08003724   0x00000020   Code   RO         3449    i._sqrtApprox       foc_utils.o
    0x08003744   0x08003744   0x000003e8   Code   RO         3513    i.alignSensor       bldcmotor.o
    0x08003b2c   0x08003b2c   0x00000034   Code   RO         3281    i.analogRead        adc.o
    0x08003b60   0x08003b60   0x00000110   Code   RO         3514    i.angleOpenloop     bldcmotor.o
    0x08003c70   0x08003c70   0x00000220   Code   RO         4033    i.atan              m_ws.l(atan.o)
    0x08003e90   0x08003e90   0x0000019c   Code   RO         3707    i.atan2             m_ws.l(atan2.o)
    0x0800402c   0x0800402c   0x0000002a   Code   RO         3715    i.atof              m_ws.l(atof.o)
    0x08004056   0x08004056   0x00000002   PAD
    0x08004058   0x08004058   0x0000017c   Code   RO         3656    i.commander_run     main.o
    0x080041d4   0x080041d4   0x0000013c   Code   RO         3282    i.configureADCInline  adc.o
    0x08004310   0x08004310   0x00000030   Code   RO         3150    i.delay_ms          delay.o
    0x08004340   0x08004340   0x0000002a   Code   RO         3484    i.electricalAngle   focmotor.o
    0x0800436a   0x0800436a   0x00000002   PAD
    0x0800436c   0x0800436c   0x00000094   Code   RO         3719    i.fmod              m_ws.l(fmod.o)
    0x08004400   0x08004400   0x0000001c   Code   RO         3192    i.fputc             usart.o
    0x0800441c   0x0800441c   0x000000e0   Code   RO         3408    i.getAngle          sensor.o
    0x080044fc   0x080044fc   0x0000015c   Code   RO         3607    i.getDCCurrent      currentsense.o
    0x08004658   0x08004658   0x00000134   Code   RO         3608    i.getFOCCurrents    currentsense.o
    0x0800478c   0x0800478c   0x00000070   Code   RO         3628    i.getPhaseCurrents  inlinecurrentsense.o
    0x080047fc   0x080047fc   0x00000028   Code   RO         3409    i.getRawCount       sensor.o
    0x08004824   0x08004824   0x00000078   Code   RO         3410    i.getVelocity       sensor.o
    0x0800489c   0x0800489c   0x00000134   Code   RO         3515    i.loopFOC           bldcmotor.o
    0x080049d0   0x080049d0   0x000001f8   Code   RO         3657    i.main              main.o
    0x08004bc8   0x08004bc8   0x000000f8   Code   RO         3516    i.move              bldcmotor.o
    0x08004cc0   0x08004cc0   0x000004d8   Code   RO         3517    i.setPhaseVoltage   bldcmotor.o
    0x08005198   0x08005198   0x00000034   Code   RO         3485    i.shaftAngle        focmotor.o
    0x080051cc   0x080051cc   0x0000002e   Code   RO         3486    i.shaftVelocity     focmotor.o
    0x080051fa   0x080051fa   0x00000002   PAD
    0x080051fc   0x080051fc   0x00000018   Code   RO         3152    i.systick_CountInit  delay.o
    0x08005214   0x08005214   0x000000a0   Code   RO         3193    i.uart_init         usart.o
    0x080052b4   0x080052b4   0x00000094   Code   RO         3518    i.velocityOpenloop  bldcmotor.o
    0x08005348   0x08005348   0x00000320   Data   RO         3450    .constdata          foc_utils.o
    0x08005668   0x08005668   0x00000098   Data   RO         4034    .constdata          m_ws.l(atan.o)
    0x08005700   0x08005700   0x00000008   Data   RO         4056    .constdata          m_ws.l(qnan.o)
    0x08005708   0x08005708   0x00000040   Data   RO         4118    .constdata          mc_w.l(ctype_c.o)
    0x08005748   0x08005748   0x00000020   Data   RO         4122    Region$$Table       anon$$obj.o


    Execution Region RW_IRAM1 (Exec base: 0x20000000, Load base: 0x08005768, Size: 0x000007c0, Max: 0x00005000, ABSOLUTE)

    Exec Addr    Load Addr    Size         Type   Attr      Idx    E Section Name        Object

    0x20000000   0x08005768   0x00000014   Data   RW         1757    .data               stm32f10x_rcc.o
    0x20000014   0x0800577c   0x00000004   Data   RW         3153    .data               delay.o
    0x20000018   0x08005780   0x00000006   Data   RW         3195    .data               usart.o
    0x2000001e   0x08005786   0x00000012   Data   RW         3411    .data               sensor.o
    0x20000030   0x08005798   0x00000004   Data   RW         3487    .data               focmotor.o
    0x20000034   0x0800579c   0x00000014   Data   RW         3519    .data               bldcmotor.o
    0x20000048   0x080057b0   0x00000010   Data   RW         3660    .data               main.o
    0x20000058   0x080057c0   0x00000004   Data   RW         4086    .data               mc_w.l(errno.o)
    0x2000005c        -       0x00000100   Zero   RW         3194    .bss                usart.o
    0x2000015c        -       0x00000260   Zero   RW         3659    .bss                main.o
    0x200003bc   0x080057c4   0x00000004   PAD
    0x200003c0        -       0x00000400   Zero   RW          130    STACK               startup_stm32f10x_md.o


==============================================================================

Image component sizes


      Code (inc. data)   RO Data    RW Data    ZI Data      Debug   Object Name

       436         34          0          0          0       2058   adc.o
      3452        532          0         20          0       7284   bldcmotor.o
         0          0          0          0          0       4564   core_cm3.o
       656         36          0          0          0       2248   currentsense.o
       140         18          0          4          0       2263   delay.o
       910         86        800          0          0       3638   foc_utils.o
       140          6          0          4          0       2247   focmotor.o
       264         26          0          0          0       1202   iic.o
       630        114          0          0          0       3125   inlinecurrentsense.o
       200         16          0          0          0       1729   lowpass_filter.o
       256          0          0          0          0       1298   magneticsensori2c.o
       992        154          0         16        608       3972   main.o
       112         12          0          0          0     213464   misc.o
       548         28          0          0          0       1809   pid.o
       568         88          0         18          0       3674   sensor.o
         0          0          0          0          0       2208   spi2.o
        36          8        236          0       1024        804   startup_stm32f10x_md.o
       486         24          0          0          0       8518   stm32f10x_adc.o
       430          6          0          0          0       3826   stm32f10x_gpio.o
       340         20          0          0          0       4025   stm32f10x_i2c.o
       364         50          0         20          0       6083   stm32f10x_rcc.o
      1250        146          0          0          0       8530   stm32f10x_tim.o
       408          6          0          0          0       4950   stm32f10x_usart.o
       328         28          0          0          0      53449   system_stm32f10x.o
       408         20          0          0          0       1368   timer.o
       336         24          0          6        256       3800   usart.o

    ----------------------------------------------------------------------
     13716       1482       1068         88       1892     352136   Object Totals
         0          0         32          0          0          0   (incl. Generated)
        26          0          0          0          4          0   (incl. Padding)

    ----------------------------------------------------------------------

      Code (inc. data)   RO Data    RW Data    ZI Data      Debug   Library Member Name

       544         70        152          0          0        124   atan.o
       412         38          0          0          0        144   atan2.o
        42          0          0          0          0         84   atof.o
        38          6          0          0          0        272   dunder.o
       148          4          0          0          0         88   fmod.o
        40          0          0          0          0         68   fpclassify.o
       170          0          0          0          0         96   poly.o
         0          0          8          0          0          0   qnan.o
        64          0          0          0          0         84   _sgetc.o
        40          6         64          0          0         68   ctype_c.o
         0          0          0          0          0          0   entry.o
         0          0          0          0          0          0   entry10a.o
         0          0          0          0          0          0   entry11a.o
         4          0          0          0          0          0   entry12b.o
         8          4          0          0          0          0   entry2.o
         4          0          0          0          0          0   entry5.o
         0          0          0          0          0          0   entry7b.o
         0          0          0          0          0          0   entry8b.o
         8          4          0          0          0          0   entry9a.o
        24         12          0          4          0        136   errno.o
        30          0          0          0          0          0   handlers.o
        36          8          0          0          0         68   init.o
        10          0          0          0          0         68   isspace_c.o
         0          0          0          0          0          0   iusefp.o
        30          0          0          0          0         68   llshl.o
        36          0          0          0          0         68   llsshr.o
        32          0          0          0          0         68   llushr.o
      2218         90          0          0          0        464   printfa.o
       878         12          0          0          0        216   scanf_fp.o
        20          0          0          0          0         68   strchr.o
        18          0          0          0          0         68   strcpy.o
       156         12          0          0          0        120   strtod.o
        44          0          0          0          0         80   uidiv.o
        98          0          0          0          0         92   uldiv.o
        48          0          0          0          0         68   cdcmple.o
        48          0          0          0          0         68   cdrcmple.o
        20          0          0          0          0         68   cfcmple.o
        20          0          0          0          0         68   cfrcmple.o
        56          0          0          0          0         88   d2f.o
       334          0          0          0          0        148   dadd.o
       222          0          0          0          0        100   ddiv.o
       186          0          0          0          0        176   depilogue.o
        62          0          0          0          0         80   dfixi.o
        50          0          0          0          0         76   dfixui.o
        48          0          0          0          0         68   dfixul.o
        34          0          0          0          0         76   dflti.o
        26          0          0          0          0         76   dfltui.o
        24          0          0          0          0         76   dfltul.o
       228          0          0          0          0         96   dmul.o
       134          0          0          0          0         96   drem.o
        46          0          0          0          0         80   dscalb.o
        38          0          0          0          0         68   f2d.o
       176          0          0          0          0        140   fadd.o
       124          0          0          0          0         88   fdiv.o
       110          0          0          0          0        168   fepilogue.o
        40          0          0          0          0         68   ffixui.o
        18          0          0          0          0         68   fflti.o
        10          0          0          0          0         68   ffltui.o
       100          0          0          0          0         76   fmul.o

    ----------------------------------------------------------------------
      7368        266        224          4          0       4864   Library Totals
        14          0          0          0          0          0   (incl. Padding)

    ----------------------------------------------------------------------

      Code (inc. data)   RO Data    RW Data    ZI Data      Debug   Library Name

      1394        118        160          0          0        876   m_ws.l
      3758        148         64          4          0       1736   mc_w.l
      2202          0          0          0          0       2252   mf_w.l

    ----------------------------------------------------------------------
      7368        266        224          4          0       4864   Library Totals

    ----------------------------------------------------------------------

==============================================================================


      Code (inc. data)   RO Data    RW Data    ZI Data      Debug   

     21084       1748       1292         92       1892     349560   Grand Totals
     21084       1748       1292         92       1892     349560   ELF Image Totals
     21084       1748       1292         92          0          0   ROM Totals

==============================================================================

    Total RO  Size (Code + RO Data)                22376 (  21.85kB)
    Total RW  Size (RW Data + ZI Data)              1984 (   1.94kB)
    Total ROM Size (Code + RO Data + RW Data)      22468 (  21.94kB)

==============================================================================

